<html>
<body>
<pre>
<h1>礦ision Build Log</h1>
<h2>Tool Versions:</h2>
IDE-Version: μVision V5.14.0.0
Copyright (C) 2015 ARM Ltd and ARM Germany GmbH. All rights reserved.
License Information: wang WJL-PC, dongruan, LIC=4ZLPC-73NIK-15BTV-P9TH3-0CQLQ-ABJ0E
 
Tool Versions:
Toolchain:       MDK-ARM Professional  Version: 5.14.0.0
Toolchain Path:  E:\study\KEIL\ARM\ARMCC\Bin
C Compiler:      Armcc.exe V5.05 update 1 (build 106)
Assembler:       Armasm.exe V5.05 update 1 (build 106)
Linker/Locator:  ArmLink.exe V5.05 update 1 (build 106)
Library Manager: ArmAr.exe V5.05 update 1 (build 106)
Hex Converter:   FromElf.exe V5.05 update 1 (build 106)
CPU DLL:         SARMCM3.DLL V5.14.0.0
Dialog DLL:      DCM.DLL V1.13.1.0
Target DLL:      Segger\JL2CM3.dll V2.99.13.0
Dialog DLL:      TCM.DLL V1.14.4.0
 
<h2>Project:</h2>
C:\Users\WJL-PC\Desktop\2017_6_2\MDK\templete.uvprojx
Project File Date:  05/24/2017

<h2>Output:</h2>
Build target 'mk60d10'
compiling ui.c...
..\Libraries\work\AD\ad.h(11): warning:  #1-D: last line of file ends without a newline
  #endif
..\Libraries\work\PWM\pwm.h(6): warning:  #1295-D: Deprecated declaration speedInit - give arg types
  void speedInit();
..\Libraries\work\PWM\pwm.h(8): warning:  #1-D: last line of file ends without a newline
  #endif
..\Libraries\work\CONM\conm.h(9): warning:  #1-D: last line of file ends without a newline
  #endif
..\Libraries\app\app.h(51): warning:  #1-D: last line of file ends without a newline
  #endif
..\Libraries\work\UI\ui.c(83): warning:  #767-D: conversion from pointer to smaller integer
                        key=(u8)OSMboxPend(msg_key,200,&err);      //等待按键邮箱
..\Libraries\work\UI\ui.c(114): warning:  #111-D: statement is unreachable
                                                break;
..\Libraries\work\UI\ui.c(80): warning:  #177-D: variable "Dev" was declared but never referenced
        u32 Dev;
..\Libraries\work\UI\ui.c(164): warning:  #767-D: conversion from pointer to smaller integer
                 key=(u8)OSMboxPend(msg_key,200,&err);//按键邮箱
..\Libraries\work\UI\ui.c(206): warning:  #767-D: conversion from pointer to smaller integer
                 key=(u8)OSMboxPend(msg_key,5,&err);//按键邮箱
..\Libraries\work\UI\ui.c(173): warning:  #177-D: variable "SetArrow" was declared but never referenced
    static u8 SetArrow = 2;
..\Libraries\work\UI\ui.c(174): warning:  #177-D: variable "Page" was declared but never referenced
        static u8 Page = 0;
..\Libraries\work\UI\ui.c(175): warning:  #177-D: variable "Item" was declared but never referenced
        static u8 Item = 1;
..\Libraries\work\UI\ui.c(178): warning:  #177-D: variable "i" was declared but never referenced
    u8 i,n;
..\Libraries\work\UI\ui.c(178): warning:  #177-D: variable "n" was declared but never referenced
    u8 i,n;
..\Libraries\work\UI\ui.c(183): warning:  #550-D: variable "dnum" was set but never used
        float dnum[9];
..\Libraries\work\UI\ui.c(185): warning:  #177-D: variable "AR" was declared but never referenced
    u8 AR[]="->";//显示箭头
..\Libraries\work\UI\ui.c(186): warning:  #177-D: variable "AC" was declared but never referenced
        u8 AC[]="  ";//清除箭头
..\Libraries\work\UI\ui.c(194): warning:  #177-D: variable "SaveSetArrow" was declared but never referenced
        u8 SaveSetArrow = 2;
..\Libraries\work\UI\ui.c(195): warning:  #177-D: variable "ArrowState" was declared but never referenced
        u16 ArrowState = 0;//箭头状态标记0:正常选择项 1:数值修改
..\Libraries\work\UI\ui.c(196): warning:  #177-D: variable "text" was declared but never referenced
    u8 text[5];
..\Libraries\work\UI\ui.c(244): warning:  #47-D: incompatible redefinition of macro "SetOptionsNum" (declared at line 170)
  #define SetOptionsNum 14 //设置项滚轮大小
..\Libraries\work\UI\ui.c(295): warning:  #767-D: conversion from pointer to smaller integer
                 key=(u8)OSMboxPend(msg_key,5,&err);//按键邮箱
..\Libraries\work\UI\ui.c(247): warning:  #177-D: variable "SetArrow" was declared but never referenced
        static u8 SetArrow = 2;
..\Libraries\work\UI\ui.c(249): warning:  #177-D: variable "Item" was declared but never referenced
        static u8 Item = 1;
..\Libraries\work\UI\ui.c(256): warning:  #177-D: variable "SS" was declared but never referenced
        u8 SS[SetOptionsNum][19]={
..\Libraries\work\UI\ui.c(287): warning:  #177-D: variable "ArrowState" was declared but never referenced
        u16 ArrowState = 0;//箭头状态标记0:正常选择项 1:数值修改
..\Libraries\work\UI\ui.c(317): warning:  #47-D: incompatible redefinition of macro "SetOptionsNum" (declared at line 244)
  #define SetOptionsNum 7 //设置项滚轮大小
..\Libraries\work\UI\ui.c(636): warning:  #767-D: conversion from pointer to smaller integer
                key=(u8)OSMboxPend(msg_key,0,&err);//按键邮箱
..\Libraries\work\UI\ui.c: 29 warnings, 0 errors
linking...
Program Size: Code=51408 RO-data=5040 RW-data=656 ZI-data=24120  
FromELF: creating hex file...
".\mk60d10\flash\templete.axf" - 0 Error(s), 29 Warning(s).

<h2>Collection of Component include folders:</h2>
  C:\Users\WJL-PC\Desktop\2017_6_2\MDK\RTE
  E:\study\KEIL\ARM\PACK\Keil\Kinetis_K60_DFP\1.4.0\Device\Include

<h2>Collection of Component Files used:</h2>
</pre>
</body>
</html>
