<html>
<body>
<pre>
<h1>礦ision Build Log</h1>
<h2>Tool Versions:</h2>
IDE-Version: μVision V5.14.0.0
Copyright (C) 2015 ARM Ltd and ARM Germany GmbH. All rights reserved.
License Information: wang WJL-PC, dongruan, LIC=4ZLPC-73NIK-15BTV-P9TH3-0CQLQ-ABJ0E
 
Tool Versions:
Toolchain:       MDK-ARM Professional  Version: 5.14.0.0
Toolchain Path:  E:\study\KEIL\ARM\ARMCC\Bin
C Compiler:      Armcc.exe V5.05 update 1 (build 106)
Assembler:       Armasm.exe V5.05 update 1 (build 106)
Linker/Locator:  ArmLink.exe V5.05 update 1 (build 106)
Library Manager: ArmAr.exe V5.05 update 1 (build 106)
Hex Converter:   FromElf.exe V5.05 update 1 (build 106)
CPU DLL:         SARMCM3.DLL V5.14.0.0
Dialog DLL:      DCM.DLL V1.13.1.0
Target DLL:      Segger\JL2CM3.dll V2.99.13.0
Dialog DLL:      TCM.DLL V1.14.4.0
 
<h2>Project:</h2>
C:\Users\WJL-PC\Desktop\2017_6_2\MDK\templete.uvprojx
Project File Date:  05/24/2017

<h2>Output:</h2>
Build target 'mk60d10'
compiling ctrl.c...
..\Libraries\work\PWM\pwm.h(6): warning:  #1295-D: Deprecated declaration speedInit - give arg types
  void speedInit();
..\Libraries\work\PWM\pwm.h(8): warning:  #1-D: last line of file ends without a newline
  #endif
..\Libraries\work\CTRL\ctrl.c(212): warning:  #550-D: variable "stree_i" was set but never used
      float stree_p,stree_i,stree_d;
..\Libraries\work\CTRL\ctrl.c(213): warning:  #177-D: variable "stree_zhi_p" was declared but never referenced
          float stree_zhi_p,stree_zhi_i,stree_zhi_d;
..\Libraries\work\CTRL\ctrl.c(213): warning:  #177-D: variable "stree_zhi_i" was declared but never referenced
          float stree_zhi_p,stree_zhi_i,stree_zhi_d;
..\Libraries\work\CTRL\ctrl.c(213): warning:  #177-D: variable "stree_zhi_d" was declared but never referenced
          float stree_zhi_p,stree_zhi_i,stree_zhi_d;
..\Libraries\work\CTRL\ctrl.c(214): warning:  #177-D: variable "pid_count" was declared but never referenced
      int pid_count = 0,pid_errsum = 0;
..\Libraries\work\CTRL\ctrl.c(214): warning:  #177-D: variable "pid_errsum" was declared but never referenced
      int pid_count = 0,pid_errsum = 0;
..\Libraries\work\CTRL\ctrl.c(215): warning:  #177-D: variable "HIGH_RUN" was declared but never referenced
                float HIGH_RUN;
..\Libraries\work\CTRL\ctrl.c(218): warning:  #177-D: variable "p5" was declared but never referenced
      float p1,p2,p3,p4,p5,p6;
..\Libraries\work\CTRL\ctrl.c(218): warning:  #177-D: variable "p6" was declared but never referenced
      float p1,p2,p3,p4,p5,p6;
..\Libraries\work\CTRL\ctrl.c(257): warning:  #177-D: variable "stree_zhi_p" was declared but never referenced
          float stree_zhi_p,stree_zhi_i,stree_zhi_d;
..\Libraries\work\CTRL\ctrl.c(257): warning:  #177-D: variable "stree_zhi_i" was declared but never referenced
          float stree_zhi_p,stree_zhi_i,stree_zhi_d;
..\Libraries\work\CTRL\ctrl.c(257): warning:  #177-D: variable "stree_zhi_d" was declared but never referenced
          float stree_zhi_p,stree_zhi_i,stree_zhi_d;
..\Libraries\work\CTRL\ctrl.c(258): warning:  #177-D: variable "pid_count" was declared but never referenced
      int pid_count = 0,pid_errsum = 0;
..\Libraries\work\CTRL\ctrl.c(259): warning:  #177-D: variable "HIGH_RUN" was declared but never referenced
                float HIGH_RUN;
..\Libraries\work\CTRL\ctrl.c(287): warning:  #177-D: variable "overflow1" was declared but never referenced
        int overflow1=0,overflow2=0;     //检测旁边跑到变量
..\Libraries\work\CTRL\ctrl.c(287): warning:  #177-D: variable "overflow2" was declared but never referenced
        int overflow1=0,overflow2=0;     //检测旁边跑到变量
..\Libraries\work\CTRL\ctrl.c(288): warning:  #177-D: variable "sum_ad" was declared but never referenced
        int sum_ad=0;
..\Libraries\work\CTRL\ctrl.c(289): warning:  #177-D: variable "side_flag" was declared but never referenced
        u8 side_flag=0;                    //检测旁边跑道标志位
..\Libraries\work\CTRL\ctrl.c(508): warning:  #1-D: last line of file ends without a newline
  }
..\Libraries\work\CTRL\ctrl.c(475): warning:  #550-D: variable "turnErrSave" was set but never used
    int turnErrSave=0;
..\Libraries\work\CTRL\ctrl.c: 22 warnings, 0 errors
linking...
Program Size: Code=51524 RO-data=5040 RW-data=656 ZI-data=24120  
FromELF: creating hex file...
".\mk60d10\flash\templete.axf" - 0 Error(s), 22 Warning(s).

<h2>Collection of Component include folders:</h2>
  C:\Users\WJL-PC\Desktop\2017_6_2\MDK\RTE
  E:\study\KEIL\ARM\PACK\Keil\Kinetis_K60_DFP\1.4.0\Device\Include

<h2>Collection of Component Files used:</h2>
</pre>
</body>
</html>
