Component: ARM Compiler 5.05 update 1 (build 106) Tool: armlink [4d0efa]

==============================================================================

Section Cross References

    startup_mk60d10.o(STACK) refers (Special) to heapauxi.o(.text) for __use_two_region_memory
    startup_mk60d10.o(HEAP) refers (Special) to heapauxi.o(.text) for __use_two_region_memory
    startup_mk60d10.o(RESET) refers (Special) to heapauxi.o(.text) for __use_two_region_memory
    startup_mk60d10.o(RESET) refers to startup_mk60d10.o(STACK) for __initial_sp
    startup_mk60d10.o(RESET) refers to startup_mk60d10.o(.text) for Reset_Handler
    startup_mk60d10.o(RESET) refers to common.o(.text) for NMI_Handler
    startup_mk60d10.o(RESET) refers to os_cpu_a_keil.o(.text) for PendSV_Handler
    startup_mk60d10.o(RESET) refers to os_cpu_c.o(.text) for SysTick_Handler
    startup_mk60d10.o(RESET) refers to dma.o(.text) for DMA0_IRQHandler
    startup_mk60d10.o(RESET) refers to wdog.o(.text) for Watchdog_IRQHandler
    startup_mk60d10.o(RESET) refers to spi.o(.text) for SPI0_IRQHandler
    startup_mk60d10.o(RESET) refers to can.o(.text) for CAN0_ORed_Message_buffer_IRQHandler
    startup_mk60d10.o(RESET) refers to uart.o(.text) for UART0_RX_TX_IRQHandler
    startup_mk60d10.o(RESET) refers to adc.o(.text) for ADC0_IRQHandler
    startup_mk60d10.o(RESET) refers to ftm.o(.text) for FTM0_IRQHandler
    startup_mk60d10.o(RESET) refers to rtc.o(.text) for RTC_IRQHandler
    startup_mk60d10.o(RESET) refers to pit.o(.text) for PIT0_IRQHandler
    startup_mk60d10.o(RESET) refers to pdb.o(.text) for PDB0_IRQHandler
    startup_mk60d10.o(RESET) refers to enet.o(.text) for ENET_Transmit_IRQHandler
    startup_mk60d10.o(RESET) refers to dac.o(.text) for DAC0_IRQHandler
    startup_mk60d10.o(RESET) refers to tsi.o(.text) for TSI0_IRQHandler
    startup_mk60d10.o(RESET) refers to lptmr.o(.text) for LPTimer_IRQHandler
    startup_mk60d10.o(RESET) refers to gpio.o(.text) for PORTA_IRQHandler
    startup_mk60d10.o(.ARM.__at_0x400) refers (Special) to heapauxi.o(.text) for __use_two_region_memory
    startup_mk60d10.o(.text) refers (Special) to heapauxi.o(.text) for __use_two_region_memory
    startup_mk60d10.o(.text) refers to system_mk60d10.o(.text) for SystemInit
    startup_mk60d10.o(.text) refers to __main.o(!!!main) for __main
    startup_mk60d10.o(.text) refers to startup_mk60d10.o(HEAP) for Heap_Mem
    startup_mk60d10.o(.text) refers to startup_mk60d10.o(STACK) for Stack_Mem
    system_mk60d10.o(.text) refers to system_mk60d10.o(.data) for SystemCoreClock
    main.o(.text) refers to app.o(.text) for allInit
    main.o(.text) refers to os_core.o(.text) for OSInit
    main.o(.text) refers to os_task.o(.text) for OSTaskCreate
    main.o(.text) refers to app.o(.bss) for APP_START_STK
    adc.o(.text) refers to adc.o(.constdata) for ADC_InstanceTable
    adc.o(.text) refers to gpio.o(.text) for PORT_PinMuxConfig
    adc.o(.text) refers to adc.o(.data) for ADC_CallBackTable
    can.o(.text) refers to common.o(.text) for GetClock
    can.o(.text) refers to gpio.o(.text) for PORT_PinMuxConfig
    can.o(.text) refers to can.o(.constdata) for CANBase
    can.o(.text) refers to can.o(.data) for CAN_CallBackTable
    common.o(.text) refers to system_mk60d10.o(.text) for SystemCoreClockUpdate
    common.o(.text) refers to system_mk60d10.o(.data) for SystemCoreClock
    cpuidy.o(.text) refers to cpuidy.o(.data) for CPUIDY_FamIDTable
    cpuidy.o(.text) refers to cpuidy.o(.constdata) for CPUIDY_PinCountTable
    cpuidy.o(.data) refers to cpuidy.o(.conststring) for .conststring
    crc.o(.text) refers to crc.o(.data) for CRCProtocolAttrTable
    dac.o(.text) refers to dac.o(.constdata) for DAC_InstanceTable
    dac.o(.text) refers to dac.o(.data) for DAC_CallBackTable
    dma.o(.text) refers to dma.o(.constdata) for DMAMUX_InstanceTable
    dma.o(.text) refers to dma.o(.data) for DMAChlMAP
    dma.o(.text) refers to dma.o(.bss) for DMA_CallBackTable
    enet.o(.text) refers to common.o(.text) for GetClock
    enet.o(.text) refers to enet.o(.bss) for xENETTxDescriptors_unaligned
    enet.o(.text) refers to enet.o(.data) for pxENETTxDescriptor
    enet.o(.text) refers to enet.o(.revsh_text) for __asm___6_enet_c_7a926d92____REVSH
    enet.o(.text) refers to rt_memcpy_v6.o(.text) for __aeabi_memcpy
    flash.o(.text) refers to common.o(.text) for DelayMs
    flash.o(.text) refers to flash.o(.data) for s_flash_command_run
    ftm.o(.text) refers to ftm.o(.constdata) for SIM_FTMClockGateTable
    ftm.o(.text) refers to gpio.o(.text) for PORT_PinMuxConfig
    ftm.o(.text) refers to common.o(.text) for GetClock
    ftm.o(.text) refers to ftm.o(.bss) for FTM_CallBackTable
    gpio.o(.text) refers to gpio.o(.constdata) for SIM_GPIOClockGateTable
    gpio.o(.text) refers to gpio.o(.bss) for GPIO_CallBackTable
    i2c.o(.text) refers to gpio.o(.text) for GPIO_QuickInit
[...]
    UsageFault_Handler                       0x00000525   Thumb Code     2  startup_mk60d10.o(.text)
    SVC_Handler                              0x00000527   Thumb Code     2  startup_mk60d10.o(.text)
    DebugMon_Handler                         0x00000529   Thumb Code     2  startup_mk60d10.o(.text)
    CAN0_Bus_Off_IRQHandler                  0x0000052f   Thumb Code     0  startup_mk60d10.o(.text)
    CAN0_Error_IRQHandler                    0x0000052f   Thumb Code     0  startup_mk60d10.o(.text)
    CAN0_Rx_Warning_IRQHandler               0x0000052f   Thumb Code     0  startup_mk60d10.o(.text)
    CAN0_Tx_Warning_IRQHandler               0x0000052f   Thumb Code     0  startup_mk60d10.o(.text)
    CAN0_Wake_Up_IRQHandler                  0x0000052f   Thumb Code     0  startup_mk60d10.o(.text)
    CAN1_Bus_Off_IRQHandler                  0x0000052f   Thumb Code     0  startup_mk60d10.o(.text)
    CAN1_Error_IRQHandler                    0x0000052f   Thumb Code     0  startup_mk60d10.o(.text)
    CAN1_Rx_Warning_IRQHandler               0x0000052f   Thumb Code     0  startup_mk60d10.o(.text)
    CAN1_Tx_Warning_IRQHandler               0x0000052f   Thumb Code     0  startup_mk60d10.o(.text)
    CAN1_Wake_Up_IRQHandler                  0x0000052f   Thumb Code     0  startup_mk60d10.o(.text)
    CMP0_IRQHandler                          0x0000052f   Thumb Code     0  startup_mk60d10.o(.text)
    CMP1_IRQHandler                          0x0000052f   Thumb Code     0  startup_mk60d10.o(.text)
    CMP2_IRQHandler                          0x0000052f   Thumb Code     0  startup_mk60d10.o(.text)
    CMT_IRQHandler                           0x0000052f   Thumb Code     0  startup_mk60d10.o(.text)
    DMA_Error_IRQHandler                     0x0000052f   Thumb Code     0  startup_mk60d10.o(.text)
    DefaultISR                               0x0000052f   Thumb Code     0  startup_mk60d10.o(.text)
    ENET_1588_Timer_IRQHandler               0x0000052f   Thumb Code     0  startup_mk60d10.o(.text)
    ENET_Error_IRQHandler                    0x0000052f   Thumb Code     0  startup_mk60d10.o(.text)
    FTFL_IRQHandler                          0x0000052f   Thumb Code     0  startup_mk60d10.o(.text)
    I2C0_IRQHandler                          0x0000052f   Thumb Code     0  startup_mk60d10.o(.text)
    I2C1_IRQHandler                          0x0000052f   Thumb Code     0  startup_mk60d10.o(.text)
    I2S0_Rx_IRQHandler                       0x0000052f   Thumb Code     0  startup_mk60d10.o(.text)
    I2S0_Tx_IRQHandler                       0x0000052f   Thumb Code     0  startup_mk60d10.o(.text)
    LLW_IRQHandler                           0x0000052f   Thumb Code     0  startup_mk60d10.o(.text)
    LVD_LVW_IRQHandler                       0x0000052f   Thumb Code     0  startup_mk60d10.o(.text)
    MCG_IRQHandler                           0x0000052f   Thumb Code     0  startup_mk60d10.o(.text)
    MCM_IRQHandler                           0x0000052f   Thumb Code     0  startup_mk60d10.o(.text)
    RNG_IRQHandler                           0x0000052f   Thumb Code     0  startup_mk60d10.o(.text)
    RTC_Seconds_IRQHandler                   0x0000052f   Thumb Code     0  startup_mk60d10.o(.text)
    Read_Collision_IRQHandler                0x0000052f   Thumb Code     0  startup_mk60d10.o(.text)
    Reserved102_IRQHandler                   0x0000052f   Thumb Code     0  startup_mk60d10.o(.text)
    Reserved108_IRQHandler                   0x0000052f   Thumb Code     0  startup_mk60d10.o(.text)
    Reserved109_IRQHandler                   0x0000052f   Thumb Code     0  startup_mk60d10.o(.text)
    Reserved111_IRQHandler                   0x0000052f   Thumb Code     0  startup_mk60d10.o(.text)
    Reserved112_IRQHandler                   0x0000052f   Thumb Code     0  startup_mk60d10.o(.text)
    Reserved113_IRQHandler                   0x0000052f   Thumb Code     0  startup_mk60d10.o(.text)
    Reserved114_IRQHandler                   0x0000052f   Thumb Code     0  startup_mk60d10.o(.text)
    Reserved115_IRQHandler                   0x0000052f   Thumb Code     0  startup_mk60d10.o(.text)
    Reserved116_IRQHandler                   0x0000052f   Thumb Code     0  startup_mk60d10.o(.text)
    Reserved117_IRQHandler                   0x0000052f   Thumb Code     0  startup_mk60d10.o(.text)
    Reserved118_IRQHandler                   0x0000052f   Thumb Code     0  startup_mk60d10.o(.text)
    Reserved119_IRQHandler                   0x0000052f   Thumb Code     0  startup_mk60d10.o(.text)
    Reserved59_IRQHandler                    0x0000052f   Thumb Code     0  startup_mk60d10.o(.text)
    Reserved95_IRQHandler                    0x0000052f   Thumb Code     0  startup_mk60d10.o(.text)
    SDHC_IRQHandler                          0x0000052f   Thumb Code     0  startup_mk60d10.o(.text)
    SWI_IRQHandler                           0x0000052f   Thumb Code     0  startup_mk60d10.o(.text)
    UART0_ERR_IRQHandler                     0x0000052f   Thumb Code     0  startup_mk60d10.o(.text)
    UART0_LON_IRQHandler                     0x0000052f   Thumb Code     0  startup_mk60d10.o(.text)
    UART1_ERR_IRQHandler                     0x0000052f   Thumb Code     0  startup_mk60d10.o(.text)
    UART2_ERR_IRQHandler                     0x0000052f   Thumb Code     0  startup_mk60d10.o(.text)
    UART3_ERR_IRQHandler                     0x0000052f   Thumb Code     0  startup_mk60d10.o(.text)
    UART4_ERR_IRQHandler                     0x0000052f   Thumb Code     0  startup_mk60d10.o(.text)
    UART5_ERR_IRQHandler                     0x0000052f   Thumb Code     0  startup_mk60d10.o(.text)
    USB0_IRQHandler                          0x0000052f   Thumb Code     0  startup_mk60d10.o(.text)
    USBDCD_IRQHandler                        0x0000052f   Thumb Code     0  startup_mk60d10.o(.text)
    __user_initial_stackheap                 0x00000531   Thumb Code     0  startup_mk60d10.o(.text)
    SystemInit                               0x00000555   Thumb Code    92  system_mk60d10.o(.text)
    SystemCoreClockUpdate                    0x000005b1   Thumb Code   324  system_mk60d10.o(.text)
    main                                     0x00000711   Thumb Code    30  main.o(.text)
    ADC_IsConversionCompleted                0x00000739   Thumb Code    26  adc.o(.text)
    ADC_Calibration                          0x00000753   Thumb Code   254  adc.o(.text)
    ADC_Init                                 0x00000851   Thumb Code   662  adc.o(.text)
    ADC_EnableHardwareTrigger                0x00000ae7   Thumb Code    58  adc.o(.text)
    ADC_ChlMuxConfig                         0x00000b21   Thumb Code    48  adc.o(.text)
    ADC_QuickInit                            0x00000b51   Thumb Code   146  adc.o(.text)
    ADC_StartConversion                      0x00000be3   Thumb Code    54  adc.o(.text)
    ADC_ReadValue                            0x00000c19   Thumb Code    16  adc.o(.text)
    ADC_QuickReadValue                       0x00000c29   Thumb Code    54  adc.o(.text)
    ADC_ITDMAConfig                          0x00000c5f   Thumb Code   170  adc.o(.text)
    ADC_CallbackInstall                      0x00000d09   Thumb Code    10  adc.o(.text)
    ADC0_IRQHandler                          0x00000d13   Thumb Code    16  adc.o(.text)
    ADC1_IRQHandler                          0x00000d23   Thumb Code    16  adc.o(.text)
    CAN_SetRxFilterMask                      0x00000e83   Thumb Code   126  can.o(.text)
    CAN_SetRxMB                              0x00000f01   Thumb Code    84  can.o(.text)
    CAN_Init                                 0x00000f55   Thumb Code   244  can.o(.text)
    CAN_QuickInit                            0x00001049   Thumb Code    74  can.o(.text)
    CAN_WriteData                            0x000010bb   Thumb Code   256  can.o(.text)
    CAN_WriteRemote                          0x000011bb   Thumb Code   194  can.o(.text)
    CAN_CallbackInstall                      0x0000127d   Thumb Code    10  can.o(.text)
    CAN_ITDMAConfig                          0x00001287   Thumb Code   142  can.o(.text)
    CAN_ReadData                             0x00001315   Thumb Code   228  can.o(.text)
    CAN_ReadFIFO                             0x000013f9   Thumb Code   132  can.o(.text)
    CAN_IsRxFIFOEnable                       0x0000147d   Thumb Code    16  can.o(.text)
    CAN_SetRxFIFO                            0x0000148d   Thumb Code    82  can.o(.text)
    CAN_IRQHandler                           0x000014df   Thumb Code    22  can.o(.text)
    CAN0_ORed_Message_buffer_IRQHandler      0x000014f5   Thumb Code    10  can.o(.text)
    CAN1_ORed_Message_buffer_IRQHandler      0x000014ff   Thumb Code    10  can.o(.text)
    GetClock                                 0x0000152d   Thumb Code   104  common.o(.text)
    EnterSTOPMode                            0x00001595   Thumb Code    54  common.o(.text)
    QuickInitEncode                          0x000015cb   Thumb Code     6  common.o(.text)
    GetUID                                   0x000015d1   Thumb Code    16  common.o(.text)
    QuickInitDecode                          0x000015e1   Thumb Code    10  common.o(.text)
    DWT_DelayInit                            0x000015eb   Thumb Code    30  common.o(.text)
    DWT_DelayUs                              0x00001609   Thumb Code    62  common.o(.text)
    DWT_DelayMs                              0x00001647   Thumb Code    18  common.o(.text)
    DelayInit                                0x00001659   Thumb Code     8  common.o(.text)
    DelayMs                                  0x00001661   Thumb Code    12  common.o(.text)
    DelayUs                                  0x0000166d   Thumb Code    12  common.o(.text)
    NMI_isr                                  0x00001679   Thumb Code     2  common.o(.text)
    NMI_Handler                              0x0000167b   Thumb Code     8  common.o(.text)
    DAC_Init                                 0x0000169d   Thumb Code   576  dac.o(.text)
    DAC_GetBufferReadPointer                 0x000018dd   Thumb Code    16  dac.o(.text)
    DAC_SetBufferReadPointer                 0x000018ed   Thumb Code    54  dac.o(.text)
    DAC_SetBufferUpperLimit                  0x00001923   Thumb Code    52  dac.o(.text)
    DAC_ITDMAConfig                          0x00001957   Thumb Code   354  dac.o(.text)
    DAC_SoftwareStartConversion              0x00001ab9   Thumb Code    26  dac.o(.text)
    DAC_SetWaterMark                         0x00001ad3   Thumb Code   146  dac.o(.text)
    DAC_SetBufferValue                       0x00001b65   Thumb Code    50  dac.o(.text)
    DAC_CallbackInstall                      0x00001b97   Thumb Code    10  dac.o(.text)
    DAC0_IRQHandler                          0x00001c1b   Thumb Code    10  dac.o(.text)
    DAC1_IRQHandler                          0x00001c25   Thumb Code    10  dac.o(.text)
    DMA_Init                                 0x00001c4d   Thumb Code   372  dma.o(.text)
    DMA_ChlAlloc                             0x00001dc1   Thumb Code    46  dma.o(.text)
    DMA_ChlFree                              0x00001def   Thumb Code    16  dma.o(.text)
    DMA_GetMajorLoopCount                    0x00001dff   Thumb Code    16  dma.o(.text)
    DMA_SetMajorLoopCounter                  0x00001e0f   Thumb Code    44  dma.o(.text)
    DMA_EnableRequest                        0x00001e3b   Thumb Code    10  dma.o(.text)
    DMA_DisableRequest                       0x00001e45   Thumb Code    10  dma.o(.text)
    DMA_EnableAutoDisableRequest             0x00001e4f   Thumb Code    46  dma.o(.text)
    DMA_EnableMajorLink                      0x00001e7d   Thumb Code    94  dma.o(.text)
    DMA_ITConfig                             0x00001edb   Thumb Code   140  dma.o(.text)
    DMA_CallbackInstall                      0x00001f67   Thumb Code    10  dma.o(.text)
    DMA_IsMajorLoopComplete                  0x00001f71   Thumb Code    56  dma.o(.text)
    DMA_SetDestAddress                       0x00001fa9   Thumb Code    10  dma.o(.text)
    DMA_GetDestAddress                       0x00001fb3   Thumb Code    12  dma.o(.text)
    DMA_SetSourceAddress                     0x00001fbf   Thumb Code    10  dma.o(.text)
    DMA_GetSourceAddress                     0x00001fc9   Thumb Code    12  dma.o(.text)
    DMA_CancelTransfer                       0x00001fd5   Thumb Code    14  dma.o(.text)
    DMA0_IRQHandler                          0x00002001   Thumb Code    10  dma.o(.text)
    DMA1_IRQHandler                          0x0000200b   Thumb Code    10  dma.o(.text)
    DMA2_IRQHandler                          0x00002015   Thumb Code    10  dma.o(.text)
    DMA3_IRQHandler                          0x0000201f   Thumb Code    10  dma.o(.text)
    DMA4_IRQHandler                          0x00002029   Thumb Code    40  dma.o(.text)
    DMA5_IRQHandler                          0x00002051   Thumb Code    10  dma.o(.text)
    DMA6_IRQHandler                          0x0000205b   Thumb Code    10  dma.o(.text)
    DMA7_IRQHandler                          0x00002065   Thumb Code    10  dma.o(.text)
    DMA8_IRQHandler                          0x0000206f   Thumb Code    10  dma.o(.text)
    DMA9_IRQHandler                          0x00002079   Thumb Code    10  dma.o(.text)
    DMA10_IRQHandler                         0x00002083   Thumb Code    10  dma.o(.text)
    DMA11_IRQHandler                         0x0000208d   Thumb Code    10  dma.o(.text)
    DMA12_IRQHandler                         0x00002097   Thumb Code    10  dma.o(.text)
    DMA13_IRQHandler                         0x000020a1   Thumb Code    10  dma.o(.text)
    DMA14_IRQHandler                         0x000020ab   Thumb Code    10  dma.o(.text)
    DMA15_IRQHandler                         0x000020b5   Thumb Code    10  dma.o(.text)
    ENET_MII_Init                            0x00002231   Thumb Code    68  enet.o(.text)
    ENET_MII_Write                           0x00002275   Thumb Code   110  enet.o(.text)
    ENET_MII_Read                            0x000022e3   Thumb Code   114  enet.o(.text)
    ENET_Init                                0x00002355   Thumb Code   316  enet.o(.text)
    ENET_MacSendData                         0x00002491   Thumb Code   150  enet.o(.text)
    ENET_GetReceiveLen                       0x00002527   Thumb Code    30  enet.o(.text)
    ENET_MacReceiveData                      0x00002545   Thumb Code    78  enet.o(.text)
    ENET_ITDMAConfig                         0x00002593   Thumb Code    86  enet.o(.text)
    ENET_CallbackTxInstall                   0x000025e9   Thumb Code     8  enet.o(.text)
    ENET_CallbackRxInstall                   0x000025f1   Thumb Code     8  enet.o(.text)
    ENET_IsTxTransferComplete                0x000025f9   Thumb Code    30  enet.o(.text)
    ENET_Transmit_IRQHandler                 0x00002617   Thumb Code    28  enet.o(.text)
    ENET_Receive_IRQHandler                  0x00002633   Thumb Code    28  enet.o(.text)
    FLASH_GetSectorSize                      0x0000269f   Thumb Code     6  flash.o(.text)
    FLASH_Init                               0x000026a5   Thumb Code     8  flash.o(.text)
    FLASH_EraseSector                        0x000026ad   Thumb Code    44  flash.o(.text)
    FLASH_WriteSector                        0x000026d9   Thumb Code   142  flash.o(.text)
    FLASH_SetcorTest                         0x00002767   Thumb Code   126  flash.o(.text)
    FLASH_Test                               0x000027e5   Thumb Code    46  flash.o(.text)
    flash_init                               0x00002813   Thumb Code    52  flash.o(.text)
    FTM_PWM_InvertPolarity                   0x000029a3   Thumb Code   132  ftm.o(.text)
    FTM_QD_QuickInit                         0x00002e9b   Thumb Code   376  ftm.o(.text)
    FTM_QD_GetData                           0x00003013   Thumb Code    30  ftm.o(.text)
    FTM_QD_ClearCount                        0x00003031   Thumb Code    12  ftm.o(.text)
    FTM_PWM_ChangeDuty                       0x0000303d   Thumb Code   156  ftm.o(.text)
    FTM_PWM_QuickInit                        0x000030d9   Thumb Code   452  ftm.o(.text)
    FTM_IC_QuickInit                         0x0000329d   Thumb Code   204  ftm.o(.text)
    FTM_IC_SetTriggerMode                    0x00003369   Thumb Code   194  ftm.o(.text)
    FTM_GetChlCounter                        0x0000342b   Thumb Code    18  ftm.o(.text)
    FTM_SetMoudleCounter                     0x0000343d   Thumb Code    10  ftm.o(.text)
    FTM_CallbackInstall                      0x00003447   Thumb Code    18  ftm.o(.text)
    FTM_ITDMAConfig                          0x00003459   Thumb Code   358  ftm.o(.text)
    FTM_IsChnInterupt                        0x000035bf   Thumb Code    20  ftm.o(.text)
    FTM_IRQHandler                           0x000035d3   Thumb Code   118  ftm.o(.text)
    FTM0_IRQHandler                          0x00003649   Thumb Code    10  ftm.o(.text)
    FTM1_IRQHandler                          0x00003653   Thumb Code    10  ftm.o(.text)
    FTM2_IRQHandler                          0x0000365d   Thumb Code    10  ftm.o(.text)
    PORT_PinMuxConfig                        0x00003679   Thumb Code    74  gpio.o(.text)
    PORT_PinPullConfig                       0x000036c3   Thumb Code   162  gpio.o(.text)
    PORT_PinOpenDrainConfig                  0x00003765   Thumb Code    72  gpio.o(.text)
    PORT_PinPassiveFilterConfig              0x000037ad   Thumb Code    72  gpio.o(.text)
    GPIO_PinConfig                           0x000037f5   Thumb Code    70  gpio.o(.text)
    GPIO_Init                                0x0000383b   Thumb Code   196  gpio.o(.text)
    GPIO_QuickInit                           0x000038ff   Thumb Code    30  gpio.o(.text)
    GPIO_WriteBit                            0x0000391d   Thumb Code    68  gpio.o(.text)
    GPIO_SetBit                              0x00003961   Thumb Code    24  gpio.o(.text)
    GPIO_ResetBit                            0x00003979   Thumb Code    24  gpio.o(.text)
    GPIO_ReadBit                             0x00003991   Thumb Code    50  gpio.o(.text)
    GPIO_ToggleBit                           0x000039c3   Thumb Code    24  gpio.o(.text)
    GPIO_ReadPort                            0x000039db   Thumb Code    12  gpio.o(.text)
    GPIO_WritePort                           0x000039e7   Thumb Code    10  gpio.o(.text)
    GPIO_ITDMAConfig                         0x000039f1   Thumb Code   380  gpio.o(.text)
    GPIO_CallbackInstall                     0x00003b6d   Thumb Code    26  gpio.o(.text)
    PORTA_IRQHandler                         0x00003bb7   Thumb Code    10  gpio.o(.text)
    PORTB_IRQHandler                         0x00003bc1   Thumb Code    10  gpio.o(.text)
    PORTC_IRQHandler                         0x00003bcb   Thumb Code    10  gpio.o(.text)
    PORTD_IRQHandler                         0x00003bd5   Thumb Code    10  gpio.o(.text)
    PORTE_IRQHandler                         0x00003bdf   Thumb Code    10  gpio.o(.text)
    LPTMR_TC_Init                            0x00003c15   Thumb Code    78  lptmr.o(.text)
    LPTMR_PC_Init                            0x00003c63   Thumb Code   178  lptmr.o(.text)
    LPTMR_ITDMAConfig                        0x00003d15   Thumb Code    92  lptmr.o(.text)
    LPTMR_CallbackInstall                    0x00003d71   Thumb Code    26  lptmr.o(.text)
    LPTMR_PC_ReadCounter                     0x00003d8b   Thumb Code    18  lptmr.o(.text)
    LPTMR_PC_QuickInit                       0x00003d9d   Thumb Code   110  lptmr.o(.text)
    LPTMR_ClearCounter                       0x00003e0b   Thumb Code    24  lptmr.o(.text)
    LPTimer_IRQHandler                       0x00003e23   Thumb Code    28  lptmr.o(.text)
    PDB_SoftwareTrigger                      0x00003e51   Thumb Code    14  pdb.o(.text)
    PDB_GetMODValue                          0x00003f1b   Thumb Code     6  pdb.o(.text)
    PDB_Init                                 0x00003f21   Thumb Code   102  pdb.o(.text)
    PDB_QuickInit                            0x00003f87   Thumb Code    38  pdb.o(.text)
    PDB_SetADCPreTrigger                     0x00003fad   Thumb Code   154  pdb.o(.text)
    PDB_SetBackToBackMode                    0x00004047   Thumb Code    86  pdb.o(.text)
    PDB_ITDMAConfig                          0x0000409d   Thumb Code   140  pdb.o(.text)
    PDB_CallbackInstall                      0x00004129   Thumb Code    20  pdb.o(.text)
    PDB0_IRQHandler                          0x0000413d   Thumb Code    28  pdb.o(.text)
    PIT_Init                                 0x00004171   Thumb Code    94  pit.o(.text)
    PIT_QuickInit                            0x000041cf   Thumb Code    20  pit.o(.text)
    PIT_ITDMAConfig                          0x000041e3   Thumb Code   114  pit.o(.text)
    PIT_ResetCounter                         0x00004255   Thumb Code    42  pit.o(.text)
    PIT_GetCounterValue                      0x0000427f   Thumb Code    12  pit.o(.text)
    PIT_CallbackInstall                      0x0000428b   Thumb Code    22  pit.o(.text)
    PIT0_IRQHandler                          0x000042cb   Thumb Code    10  pit.o(.text)
    PIT1_IRQHandler                          0x000042d5   Thumb Code    10  pit.o(.text)
    PIT2_IRQHandler                          0x000042df   Thumb Code    10  pit.o(.text)
    PIT3_IRQHandler                          0x000042e9   Thumb Code    10  pit.o(.text)
    RTC_GetWeek                              0x00004311   Thumb Code   108  rtc.o(.text)
    RTC_GetTime                              0x0000448b   Thumb Code    26  rtc.o(.text)
    RTC_IsTimeValid                          0x000044a5   Thumb Code    14  rtc.o(.text)
    RTC_SetAlarm                             0x000044b3   Thumb Code    28  rtc.o(.text)
    RTC_SetCompensation                      0x000044cf   Thumb Code    54  rtc.o(.text)
    RTC_Init                                 0x00004505   Thumb Code   162  rtc.o(.text)
    RTC_QuickInit                            0x000045a7   Thumb Code    14  rtc.o(.text)
    RTC_GetTSR                               0x000045b5   Thumb Code     6  rtc.o(.text)
    RTC_GetTAR                               0x000045bb   Thumb Code     6  rtc.o(.text)
    RTC_SetTime                              0x000045c1   Thumb Code    46  rtc.o(.text)
    RTC_SetTSR                               0x000045ef   Thumb Code    26  rtc.o(.text)
    RTC_ITDMAConfig                          0x00004609   Thumb Code   128  rtc.o(.text)
    RTC_CallbackInstall                      0x00004689   Thumb Code     8  rtc.o(.text)
    RTC_IRQHandler                           0x00004691   Thumb Code    72  rtc.o(.text)
    SPI_CTARConfig                           0x000047f3   Thumb Code   346  spi.o(.text)
    SPI_Init                                 0x0000494d   Thumb Code   148  spi.o(.text)
    SPI_QuickInit                            0x000049e1   Thumb Code    98  spi.o(.text)
    SPI_EnableTxFIFO                         0x00004a43   Thumb Code    66  spi.o(.text)
    SPI_EnableRxFIFO                         0x00004a85   Thumb Code    66  spi.o(.text)
    SPI_ITDMAConfig                          0x00004ac7   Thumb Code   196  spi.o(.text)
    SPI_CallbackInstall                      0x00004b8b   Thumb Code    10  spi.o(.text)
    SPI_ReadWriteByte                        0x00004b95   Thumb Code   114  spi.o(.text)
    SPI0_IRQHandler                          0x00004c31   Thumb Code    10  spi.o(.text)
    SPI1_IRQHandler                          0x00004c3b   Thumb Code    10  spi.o(.text)
    SPI2_IRQHandler                          0x00004c45   Thumb Code    10  spi.o(.text)
    SYSTICK_Init                             0x00004c59   Thumb Code    72  systick.o(.text)
    SYSTICK_ITConfig                         0x00004ca1   Thumb Code    40  systick.o(.text)
    SYSTICK_Cmd                              0x00004cc9   Thumb Code    40  systick.o(.text)
    SYSTICK_DelayInit                        0x00004cf1   Thumb Code    24  systick.o(.text)
    SYSTICK_DelayUs                          0x00004d09   Thumb Code    52  systick.o(.text)
    SYSTICK_DelayMs                          0x00004d3d   Thumb Code    66  systick.o(.text)
    SYSTICK_GetVal                           0x00004d7f   Thumb Code     8  systick.o(.text)
    TSI_GetCounter                           0x00004d95   Thumb Code    12  tsi.o(.text)
    TSI_Init                                 0x00004df7   Thumb Code   234  tsi.o(.text)
    TSI_QuickInit                            0x00004ee1   Thumb Code   102  tsi.o(.text)
    TSI_ITDMAConfig                          0x00004f47   Thumb Code    96  tsi.o(.text)
    TSI_CallbackInstall                      0x00004fa7   Thumb Code     8  tsi.o(.text)
    TSI0_IRQHandler                          0x00004faf   Thumb Code    38  tsi.o(.text)
    UART_GetTxFIFOSize                       0x00005001   Thumb Code    22  uart.o(.text)
    UART_WriteByte                           0x00005017   Thumb Code   118  uart.o(.text)
    fputc                                    0x0000508d   Thumb Code    20  uart.o(.text)
    UART_ReadByte                            0x000050a1   Thumb Code    56  uart.o(.text)
    fgetc                                    0x000050d9   Thumb Code    28  uart.o(.text)
    UART_printf                              0x0000513f   Thumb Code   110  uart.o(.text)
    UART_Init                                0x000051ad   Thumb Code   742  uart.o(.text)
    UART_DeInit                              0x00005493   Thumb Code    76  uart.o(.text)
    UART_SelectDebugInstance                 0x000054df   Thumb Code     6  uart.o(.text)
    UART_EnableTxFIFO                        0x000054e5   Thumb Code    46  uart.o(.text)
    UART_EnableRxFIFO                        0x00005513   Thumb Code    46  uart.o(.text)
    UART_GetRxFIFOSize                       0x00005541   Thumb Code    22  uart.o(.text)
    UART_SetTxFIFOWatermark                  0x00005557   Thumb Code    50  uart.o(.text)
    UART_SetRxFIFOWatermark                  0x00005589   Thumb Code    50  uart.o(.text)
    UART_ITDMAConfig                         0x000055bb   Thumb Code   408  uart.o(.text)
    UART_CallbackTxInstall                   0x00005753   Thumb Code    48  uart.o(.text)
    UART_CallbackRxInstall                   0x00005783   Thumb Code    48  uart.o(.text)
    UART_QuickInit                           0x000057b3   Thumb Code   146  uart.o(.text)
    UART0_RX_TX_IRQHandler                   0x00005903   Thumb Code    10  uart.o(.text)
    UART1_RX_TX_IRQHandler                   0x0000590d   Thumb Code    10  uart.o(.text)
    UART2_RX_TX_IRQHandler                   0x00005917   Thumb Code    10  uart.o(.text)
    UART3_RX_TX_IRQHandler                   0x00005921   Thumb Code    10  uart.o(.text)
    UART4_RX_TX_IRQHandler                   0x0000592b   Thumb Code    10  uart.o(.text)
    UART5_RX_TX_IRQHandler                   0x00005935   Thumb Code    10  uart.o(.text)
    WDOG_Init                                0x00005975   Thumb Code   112  wdog.o(.text)
    WDOG_QuickInit                           0x000059e5   Thumb Code    24  wdog.o(.text)
    WDOG_ITDMAConfig                         0x000059fd   Thumb Code    84  wdog.o(.text)
    WDOG_CallbackInstall                     0x00005a51   Thumb Code     8  wdog.o(.text)
    WDOG_GetResetCounter                     0x00005a59   Thumb Code     6  wdog.o(.text)
    WDOG_ClearResetCounter                   0x00005a5f   Thumb Code    10  wdog.o(.text)
    WDOG_GetCurrentCounter                   0x00005a69   Thumb Code    14  wdog.o(.text)
    WDOG_Refresh                             0x00005a77   Thumb Code    32  wdog.o(.text)
    Watchdog_IRQHandler                      0x00005a97   Thumb Code    28  wdog.o(.text)
    OS_StrLen                                0x00005ac1   Thumb Code    28  os_core.o(.text)
    OSEventNameGet                           0x00005add   Thumb Code   118  os_core.o(.text)
    OSEventNameSet                           0x00005b53   Thumb Code   100  os_core.o(.text)
    OS_EventTaskRemoveMulti                  0x00005bb7   Thumb Code    58  os_core.o(.text)
    OS_Sched                                 0x00005c0b   Thumb Code    88  os_core.o(.text)
    OS_EventTaskWaitMulti                    0x00005c63   Thumb Code   136  os_core.o(.text)
    OSEventPendMulti                         0x00005ceb   Thumb Code   742  os_core.o(.text)
    OS_TaskStatStkChk                        0x00005fd1   Thumb Code    54  os_core.o(.text)
    OS_TaskStat                              0x00006007   Thumb Code   140  os_core.o(.text)
    OS_TaskIdle                              0x000060c7   Thumb Code    34  os_core.o(.text)
    OS_MemClr                                0x0000611d   Thumb Code    18  os_core.o(.text)
    OSInit                                   0x00006243   Thumb Code    52  os_core.o(.text)
    OSIntEnter                               0x00006277   Thumb Code    28  os_core.o(.text)
    OSIntExit                                0x00006293   Thumb Code   258  os_core.o(.text)
    OSSchedLock                              0x00006395   Thumb Code    50  os_core.o(.text)
    OSSchedUnlock                            0x000063c7   Thumb Code    82  os_core.o(.text)
    OSStart                                  0x00006419   Thumb Code    48  os_core.o(.text)
    OSStatInit                               0x00006449   Thumb Code    62  os_core.o(.text)
    OSTimeTick                               0x00006487   Thumb Code   210  os_core.o(.text)
    OSVersion                                0x00006559   Thumb Code     6  os_core.o(.text)
    OS_Dummy                                 0x0000655f   Thumb Code     2  os_core.o(.text)
    OS_EventTaskRemove                       0x00006561   Thumb Code    42  os_core.o(.text)
    OS_EventTaskRdy                          0x0000658b   Thumb Code   128  os_core.o(.text)
    OS_EventTaskWait                         0x0000660b   Thumb Code   112  os_core.o(.text)
    OS_EventWaitListInit                     0x0000667b   Thumb Code    28  os_core.o(.text)
    OS_MemCopy                               0x00006697   Thumb Code    20  os_core.o(.text)
    OS_TCBInit                               0x000066ab   Thumb Code   370  os_core.o(.text)
    OSFlagAccept                             0x00006829   Thumb Code   262  os_flag.o(.text)
    OSFlagCreate                             0x0000692f   Thumb Code    86  os_flag.o(.text)
    OS_FlagUnlink                            0x00006985   Thumb Code    36  os_flag.o(.text)
    OSFlagDel                                0x000069fb   Thumb Code   224  os_flag.o(.text)
    OSFlagNameGet                            0x00006adb   Thumb Code   100  os_flag.o(.text)
    OSFlagNameSet                            0x00006b3f   Thumb Code    82  os_flag.o(.text)
    OSFlagPend                               0x00006c29   Thumb Code   626  os_flag.o(.text)
    OSFlagPendGetFlagsRdy                    0x00006e9b   Thumb Code    26  os_flag.o(.text)
    OSFlagPost                               0x00006eb5   Thumb Code   322  os_flag.o(.text)
    OSFlagQuery                              0x00006ff7   Thumb Code    58  os_flag.o(.text)
    OS_FlagInit                              0x00007031   Thumb Code    78  os_flag.o(.text)
    OSMboxAccept                             0x0000708d   Thumb Code    44  os_mbox.o(.text)
    OSMboxCreate                             0x000070b9   Thumb Code    72  os_mbox.o(.text)
    OSMboxDel                                0x00007101   Thumb Code   220  os_mbox.o(.text)
    OSMboxPend                               0x000071dd   Thumb Code   262  os_mbox.o(.text)
    OSMboxPendAbort                          0x000072e3   Thumb Code   138  os_mbox.o(.text)
    OSMboxPost                               0x0000736d   Thumb Code    92  os_mbox.o(.text)
    OSMboxPostOpt                            0x000073c9   Thumb Code   132  os_mbox.o(.text)
    OSMboxQuery                              0x0000744d   Thumb Code   108  os_mbox.o(.text)
    OSMemCreate                              0x000074b9   Thumb Code   164  os_mem.o(.text)
    OSMemGet                                 0x0000755d   Thumb Code    72  os_mem.o(.text)
    OSMemNameGet                             0x000075a5   Thumb Code    80  os_mem.o(.text)
    OSMemNameSet                             0x000075f5   Thumb Code    64  os_mem.o(.text)
    OSMemPut                                 0x00007635   Thumb Code    66  os_mem.o(.text)
    OSMemQuery                               0x00007677   Thumb Code    64  os_mem.o(.text)
    OS_MemInit                               0x000076b7   Thumb Code    74  os_mem.o(.text)
    OSQAccept                                0x00007711   Thumb Code    98  os_q.o(.text)
    OSQCreate                                0x00007773   Thumb Code   144  os_q.o(.text)
    OSQDel                                   0x00007803   Thumb Code   254  os_q.o(.text)
    OSQFlush                                 0x00007901   Thumb Code    52  os_q.o(.text)
    OSQPend                                  0x00007935   Thumb Code   288  os_q.o(.text)
    OSQPendAbort                             0x00007a55   Thumb Code   138  os_q.o(.text)
    OSQPost                                  0x00007adf   Thumb Code   120  os_q.o(.text)
    OSQPostFront                             0x00007b57   Thumb Code   146  os_q.o(.text)
    OSQPostOpt                               0x00007be9   Thumb Code   188  os_q.o(.text)
    OSQQuery                                 0x00007ca5   Thumb Code   110  os_q.o(.text)
    OS_QInit                                 0x00007d13   Thumb Code    72  os_q.o(.text)
    OSSemAccept                              0x00007d65   Thumb Code    48  os_sem.o(.text)
    OSSemCreate                              0x00007d95   Thumb Code    72  os_sem.o(.text)
    OSSemDel                                 0x00007ddd   Thumb Code   220  os_sem.o(.text)
    OSSemPend                                0x00007eb9   Thumb Code   236  os_sem.o(.text)
    OSSemPendAbort                           0x00007fa5   Thumb Code   138  os_sem.o(.text)
    OSSemPost                                0x0000802f   Thumb Code    94  os_sem.o(.text)
    OSSemQuery                               0x0000808d   Thumb Code    88  os_sem.o(.text)
    OSSemSet                                 0x000080e5   Thumb Code    74  os_sem.o(.text)
    OSTaskChangePrio                         0x00008145   Thumb Code   418  os_task.o(.text)
    OSTaskCreate                             0x000082e7   Thumb Code   156  os_task.o(.text)
    OS_TaskStkClr                            0x00008383   Thumb Code    26  os_task.o(.text)
    OSTaskCreateExt                          0x0000839d   Thumb Code   178  os_task.o(.text)
    OSTaskDel                                0x0000844f   Thumb Code   354  os_task.o(.text)
    OSTaskDelReq                             0x000085b1   Thumb Code   112  os_task.o(.text)
    OSTaskNameGet                            0x00008621   Thumb Code   140  os_task.o(.text)
    OSTaskNameSet                            0x000086ad   Thumb Code   120  os_task.o(.text)
    OSTaskResume                             0x00008725   Thumb Code   162  os_task.o(.text)
    OSTaskStkChk                             0x000087c7   Thumb Code   146  os_task.o(.text)
    OSTaskSuspend                            0x00008859   Thumb Code   172  os_task.o(.text)
    OSTaskQuery                              0x00008905   Thumb Code   132  os_task.o(.text)
    OSTaskRegGet                             0x00008989   Thumb Code    86  os_task.o(.text)
    OSTaskRegSet                             0x000089df   Thumb Code    84  os_task.o(.text)
    OS_TaskReturn                            0x00008a33   Thumb Code    18  os_task.o(.text)
    OSTimeDly                                0x00008a4d   Thumb Code   100  os_time.o(.text)
    OSTimeDlyHMSM                            0x00008ab1   Thumb Code   124  os_time.o(.text)
    OSTimeDlyResume                          0x00008b2d   Thumb Code   168  os_time.o(.text)
    OSTimeGet                                0x00008bd5   Thumb Code    24  os_time.o(.text)
    OSTimeSet                                0x00008bed   Thumb Code    24  os_time.o(.text)
    OSTmrCreate                              0x00008c53   Thumb Code   154  os_tmr.o(.text)
    OSTmrDel                                 0x00008d65   Thumb Code   134  os_tmr.o(.text)
    OSTmrNameGet                             0x00008deb   Thumb Code   134  os_tmr.o(.text)
    OSTmrRemainGet                           0x00008e71   Thumb Code   172  os_tmr.o(.text)
    OSTmrStateGet                            0x00008f1d   Thumb Code    96  os_tmr.o(.text)
    OSTmrStart                               0x00008fe1   Thumb Code   168  os_tmr.o(.text)
    OSTmrStop                                0x00009089   Thumb Code   190  os_tmr.o(.text)
    OSTmrSignal                              0x00009147   Thumb Code    16  os_tmr.o(.text)
    OSTmr_Init                               0x000091fb   Thumb Code   172  os_tmr.o(.text)
    OSInitHookBegin                          0x00009311   Thumb Code    30  os_cpu_c.o(.text)
    OSInitHookEnd                            0x0000932f   Thumb Code     2  os_cpu_c.o(.text)
    OSTaskCreateHook                         0x00009331   Thumb Code     2  os_cpu_c.o(.text)
    OSTaskDelHook                            0x00009333   Thumb Code     2  os_cpu_c.o(.text)
    OSTaskIdleHook                           0x00009335   Thumb Code     2  os_cpu_c.o(.text)
    OSTaskReturnHook                         0x00009337   Thumb Code     2  os_cpu_c.o(.text)
    OSTaskStatHook                           0x00009339   Thumb Code     2  os_cpu_c.o(.text)
    OSTaskStkInit                            0x0000933b   Thumb Code   152  os_cpu_c.o(.text)
    OSTaskSwHook                             0x000093d3   Thumb Code     2  os_cpu_c.o(.text)
    OSTCBInitHook                            0x000093d5   Thumb Code     2  os_cpu_c.o(.text)
    OSTimeTickHook                           0x000093d7   Thumb Code    30  os_cpu_c.o(.text)
    SysTick_Handler                          0x000093f5   Thumb Code    16  os_cpu_c.o(.text)
    OS_CPU_SR_Save                           0x00009419   Thumb Code     0  os_cpu_a_keil.o(.text)
    OS_CPU_SR_Restore                        0x00009421   Thumb Code     0  os_cpu_a_keil.o(.text)
    OSStartHighRdy                           0x00009427   Thumb Code     0  os_cpu_a_keil.o(.text)
    OSCtxSw                                  0x0000944f   Thumb Code     0  os_cpu_a_keil.o(.text)
    OSIntCtxSw                               0x00009459   Thumb Code     0  os_cpu_a_keil.o(.text)
    PendSV_Handler                           0x00009463   Thumb Code     0  os_cpu_a_keil.o(.text)
    UiStartTask                              0x000094c9   Thumb Code    30  app.o(.text)
    KeyStartTask                             0x000094e7   Thumb Code   426  app.o(.text)
    AdStartTask                              0x00009691   Thumb Code    74  app.o(.text)
    speedStartTask                           0x000096db   Thumb Code    64  app.o(.text)
    BluetoothStartTask                       0x0000971b   Thumb Code   198  app.o(.text)
    TurnStartTask                            0x000097e1   Thumb Code    22  app.o(.text)
    AppStartTast                             0x000097f7   Thumb Code   128  app.o(.text)
    allInit                                  0x00009877   Thumb Code   122  app.o(.text)
    Init_AD                                  0x000098f1   Thumb Code    46  ad.o(.text)
    adc_once                                 0x0000991f   Thumb Code    26  ad.o(.text)
    ad                                       0x00009939   Thumb Code   346  ad.o(.text)
    filter                                   0x00009a93   Thumb Code     8  ad.o(.text)
    guiyi                                    0x00009a9b   Thumb Code   108  ad.o(.text)
    max_min                                  0x00009b07   Thumb Code   112  ad.o(.text)
    speedPID                                 0x00009bc5   Thumb Code   312  ctrl.o(.text)
    speedCtrl                                0x00009cfd   Thumb Code    50  ctrl.o(.text)
    guiyi_qian                               0x00009d2f   Thumb Code   814  ctrl.o(.text)
    streePID                                 0x0000a05d   Thumb Code   192  ctrl.o(.text)
    linePID                                  0x0000a11d   Thumb Code   150  ctrl.o(.text)
    ctrl                                     0x0000a1b3   Thumb Code   174  ctrl.o(.text)
    Turn_speed                               0x0000a261   Thumb Code   686  ctrl.o(.text)
    flash_write                              0x0000a53f   Thumb Code    88  flashui.o(.text)
    flash_erase_sector                       0x0000a597   Thumb Code    64  flashui.o(.text)
    Falsh_Reserve                            0x0000a5d7   Thumb Code   190  flashui.o(.text)
    Flash_Read                               0x0000a695   Thumb Code   144  flashui.o(.text)
    KEY_Init                                 0x0000a73d   Thumb Code    54  key.o(.text)
    key_check                                0x0000a773   Thumb Code    42  key.o(.text)
    Dly_ms                                   0x0000a7a1   Thumb Code    50  oled.o(.text)
    OLED_WrDat                               0x0000a7d3   Thumb Code    64  oled.o(.text)
    OLED_WrCmd                               0x0000a813   Thumb Code    62  oled.o(.text)
    OLED_Set_Pos                             0x0000a851   Thumb Code    40  oled.o(.text)
    OLED_Fill                                0x0000a879   Thumb Code    58  oled.o(.text)
    OLED_CLS                                 0x0000a8b3   Thumb Code    56  oled.o(.text)
    OLED_DLY_ms                              0x0000a8eb   Thumb Code    28  oled.o(.text)
    OLED_Init                                0x0000a907   Thumb Code   260  oled.o(.text)
    OLED_PutPixel                            0x0000aa0b   Thumb Code    72  oled.o(.text)
    OLED_Rectangle                           0x0000aa53   Thumb Code   132  oled.o(.text)
    OLED_P6x8Str                             0x0000aad7   Thumb Code    96  oled.o(.text)
    OLED_P8x16Str                            0x0000ab37   Thumb Code   142  oled.o(.text)
    OLED_P14x16Str                           0x0000abc5   Thumb Code   250  oled.o(.text)
    OLED_Print                               0x0000acbf   Thumb Code   100  oled.o(.text)
    Draw_BMP                                 0x0000ad23   Thumb Code   118  oled.o(.text)
    LCD_Write_String                         0x0000ad99   Thumb Code   130  oled.o(.text)
    LCD_Write_Number                         0x0000ae1b   Thumb Code    34  oled.o(.text)
    speedInit                                0x0000ae4d   Thumb Code    72  pwm.o(.text)
    Menu_UI                                  0x0000aea1   Thumb Code   374  ui.o(.text)
    Run_UI                                   0x0000b017   Thumb Code   176  ui.o(.text)
    State_UI                                 0x0000b0c7   Thumb Code   126  ui.o(.text)
    Record_UI                                0x0000b145   Thumb Code   218  ui.o(.text)
    Read_UI                                  0x0000b21f   Thumb Code   518  ui.o(.text)
    AddNumString                             0x0000b425   Thumb Code    30  ui.o(.text)
    Set_UI                                   0x0000b443   Thumb Code  1364  ui.o(.text)
    DMA_PulseCountInit                       0x0000b9b9   Thumb Code   128  conm.o(.text)
    __2sprintf                               0x0000ba45   Thumb Code    34  noretval__2sprintf.o(.text)
    _printf_pre_padding                      0x0000ba6d   Thumb Code    44  _printf_pad.o(.text)
    _printf_post_padding                     0x0000ba99   Thumb Code    34  _printf_pad.o(.text)
    _printf_int_dec                          0x0000babd   Thumb Code   104  _printf_dec.o(.text)
    __printf                                 0x0000bb35   Thumb Code   270  __printf_wp.o(.text)
    __aeabi_memcpy                           0x0000bc43   Thumb Code     0  rt_memcpy_v6.o(.text)
    __rt_memcpy                              0x0000bc43   Thumb Code   138  rt_memcpy_v6.o(.text)
    _memcpy_lastbytes                        0x0000bca9   Thumb Code     0  rt_memcpy_v6.o(.text)
    __aeabi_memcpy4                          0x0000bccd   Thumb Code     0  rt_memcpy_w.o(.text)
    __aeabi_memcpy8                          0x0000bccd   Thumb Code     0  rt_memcpy_w.o(.text)
    __rt_memcpy_w                            0x0000bccd   Thumb Code   100  rt_memcpy_w.o(.text)
    _memcpy_lastbytes_aligned                0x0000bd15   Thumb Code     0  rt_memcpy_w.o(.text)
    __aeabi_memclr4                          0x0000bd31   Thumb Code     0  rt_memclr_w.o(.text)
    __aeabi_memclr8                          0x0000bd31   Thumb Code     0  rt_memclr_w.o(.text)
    __rt_memclr_w                            0x0000bd31   Thumb Code    78  rt_memclr_w.o(.text)
    _memset_w                                0x0000bd35   Thumb Code     0  rt_memclr_w.o(.text)
    __use_two_region_memory                  0x0000bd7f   Thumb Code     2  heapauxi.o(.text)
    __rt_heap_escrow$2region                 0x0000bd81   Thumb Code     2  heapauxi.o(.text)
    __rt_heap_expand$2region                 0x0000bd83   Thumb Code     2  heapauxi.o(.text)
    _printf_int_common                       0x0000bd85   Thumb Code   178  _printf_intcommon.o(.text)
    _printf_char_common                      0x0000be43   Thumb Code    32  _printf_char_common.o(.text)
    _sputc                                   0x0000be69   Thumb Code    10  _sputc.o(.text)
    __user_setup_stackheap                   0x0000be73   Thumb Code    74  sys_stackheap_outer.o(.text)
    exit                                     0x0000bebd   Thumb Code    12  exit.o(.text)
    __user_libspace                          0x0000bec9   Thumb Code     8  libspace.o(.text)
    __user_perproc_libspace                  0x0000bec9   Thumb Code     0  libspace.o(.text)
    __user_perthread_libspace                0x0000bec9   Thumb Code     0  libspace.o(.text)
    _sys_exit                                0x0000bed1   Thumb Code     8  sys_exit.o(.text)
    __I$use$semihosting                      0x0000bedd   Thumb Code     0  use_no_semi.o(.text)
    __use_no_semihosting_swi                 0x0000bedd   Thumb Code     2  use_no_semi.o(.text)
    __semihosting_library_function           0x0000bedf   Thumb Code     0  indicate_semi.o(.text)
    _is_digit                                0x0000bedf   Thumb Code    14  __printf_wp.o(i._is_digit)
    __aeabi_d2f                              0x0000beed   Thumb Code     0  d2f.o(x$fpl$d2f)
    _d2f                                     0x0000beed   Thumb Code    98  d2f.o(x$fpl$d2f)
    __aeabi_dadd                             0x0000bf51   Thumb Code     0  daddsub_clz.o(x$fpl$dadd)
    _dadd                                    0x0000bf51   Thumb Code   332  daddsub_clz.o(x$fpl$dadd)
    __fpl_dcmp_Inf                           0x0000c0a1   Thumb Code    24  dcmpi.o(x$fpl$dcmpinf)
    __aeabi_d2iz                             0x0000c0b9   Thumb Code     0  dfix.o(x$fpl$dfix)
    _dfix                                    0x0000c0b9   Thumb Code    94  dfix.o(x$fpl$dfix)
    __aeabi_i2d                              0x0000c117   Thumb Code     0  dflt_clz.o(x$fpl$dflt)
    _dflt                                    0x0000c117   Thumb Code    46  dflt_clz.o(x$fpl$dflt)
    __aeabi_cdcmple                          0x0000c145   Thumb Code     0  dleqf.o(x$fpl$dleqf)
    _dcmple                                  0x0000c145   Thumb Code   120  dleqf.o(x$fpl$dleqf)
    __fpl_dcmple_InfNaN                      0x0000c1a7   Thumb Code     0  dleqf.o(x$fpl$dleqf)
    __aeabi_dmul                             0x0000c1bd   Thumb Code     0  dmul.o(x$fpl$dmul)
    _dmul                                    0x0000c1bd   Thumb Code   332  dmul.o(x$fpl$dmul)
    __fpl_dnaninf                            0x0000c311   Thumb Code   156  dnaninf.o(x$fpl$dnaninf)
    __fpl_dretinf                            0x0000c3ad   Thumb Code    12  dretinf.o(x$fpl$dretinf)
    __aeabi_cdrcmple                         0x0000c3b9   Thumb Code     0  drleqf.o(x$fpl$drleqf)
    _drcmple                                 0x0000c3b9   Thumb Code   108  drleqf.o(x$fpl$drleqf)
    __aeabi_dsub                             0x0000c425   Thumb Code     0  daddsub_clz.o(x$fpl$dsub)
    _dsub                                    0x0000c425   Thumb Code   464  daddsub_clz.o(x$fpl$dsub)
    __aeabi_f2d                              0x0000c5f9   Thumb Code     0  f2d.o(x$fpl$f2d)
    _f2d                                     0x0000c5f9   Thumb Code    86  f2d.o(x$fpl$f2d)
    __aeabi_fadd                             0x0000c651   Thumb Code     0  faddsub_clz.o(x$fpl$fadd)
    _fadd                                    0x0000c651   Thumb Code   196  faddsub_clz.o(x$fpl$fadd)
    __fpl_fcmp_Inf                           0x0000c715   Thumb Code    24  fcmpi.o(x$fpl$fcmpinf)
    __aeabi_fdiv                             0x0000c72d   Thumb Code     0  fdiv.o(x$fpl$fdiv)
    _fdiv                                    0x0000c72d   Thumb Code   384  fdiv.o(x$fpl$fdiv)
    __aeabi_f2iz                             0x0000c8b1   Thumb Code     0  ffix.o(x$fpl$ffix)
    _ffix                                    0x0000c8b1   Thumb Code    54  ffix.o(x$fpl$ffix)
    __aeabi_f2uiz                            0x0000c8e9   Thumb Code     0  ffixu.o(x$fpl$ffixu)
    _ffixu                                   0x0000c8e9   Thumb Code    62  ffixu.o(x$fpl$ffixu)
    __aeabi_i2f                              0x0000c929   Thumb Code     0  fflt_clz.o(x$fpl$fflt)
    _fflt                                    0x0000c929   Thumb Code    48  fflt_clz.o(x$fpl$fflt)
    __aeabi_ui2f                             0x0000c959   Thumb Code     0  fflt_clz.o(x$fpl$ffltu)
    _ffltu                                   0x0000c959   Thumb Code    38  fflt_clz.o(x$fpl$ffltu)
    __aeabi_cfcmple                          0x0000c981   Thumb Code     0  fleqf.o(x$fpl$fleqf)
    _fcmple                                  0x0000c981   Thumb Code   104  fleqf.o(x$fpl$fleqf)
    __fpl_fcmple_InfNaN                      0x0000c9d3   Thumb Code     0  fleqf.o(x$fpl$fleqf)
    __aeabi_fmul                             0x0000c9e9   Thumb Code     0  fmul.o(x$fpl$fmul)
    _fmul                                    0x0000c9e9   Thumb Code   258  fmul.o(x$fpl$fmul)
    __fpl_fnaninf                            0x0000caeb   Thumb Code   140  fnaninf.o(x$fpl$fnaninf)
    __fpl_fretinf                            0x0000cb77   Thumb Code    10  fretinf.o(x$fpl$fretinf)
    __aeabi_cfrcmple                         0x0000cb81   Thumb Code     0  frleqf.o(x$fpl$frleqf)
    _frcmple                                 0x0000cb81   Thumb Code    98  frleqf.o(x$fpl$frleqf)
    __aeabi_fsub                             0x0000cbe5   Thumb Code     0  faddsub_clz.o(x$fpl$fsub)
    _fsub                                    0x0000cbe5   Thumb Code   234  faddsub_clz.o(x$fpl$fsub)
    __I$use$fp                               0x0000ccce   Number         0  usenofp.o(x$fpl$usenofp)
    CANBase                                  0x0000ccf4   Data           8  can.o(.constdata)
    SPI_InstanceTable                        0x0000ce08   Data          12  spi.o(.constdata)
    OSUnMapTbl                               0x0000cf10   Data         256  os_core.o(.constdata)
    F6x8                                     0x0000d010   Data         552  oled.o(.constdata)
    F14x16_Idx                               0x0000d238   Data          41  oled.o(.constdata)
    F14x16                                   0x0000d261   Data         560  oled.o(.constdata)
    F8X16                                    0x0000d491   Data        1520  oled.o(.constdata)
    Region$$Table$$Base                      0x0000dc40   Number         0  anon$$obj.o(Region$$Table)
    Region$$Table$$Limit                     0x0000dc80   Number         0  anon$$obj.o(Region$$Table)
    SystemCoreClock                          0x1fff0000   Data           4  system_mk60d10.o(.data)
    __stdout                                 0x1fff004c   Data           4  uart.o(.data)
    __stdin                                  0x1fff0050   Data           4  uart.o(.data)
    OSCtxSwCtr                               0x1fff005c   Data           4  os_core.o(.data)
    OSEventFreeList                          0x1fff0060   Data           4  os_core.o(.data)
    OSFlagFreeList                           0x1fff0064   Data           4  os_core.o(.data)
    OSCPUUsage                               0x1fff0068   Data           1  os_core.o(.data)
    OSIdleCtrMax                             0x1fff006c   Data           4  os_core.o(.data)
    OSIdleCtrRun                             0x1fff0070   Data           4  os_core.o(.data)
    OSStatRdy                                0x1fff0074   Data           1  os_core.o(.data)
    OSIntNesting                             0x1fff0075   Data           1  os_core.o(.data)
    OSLockNesting                            0x1fff0076   Data           1  os_core.o(.data)
    OSPrioCur                                0x1fff0077   Data           1  os_core.o(.data)
    OSPrioHighRdy                            0x1fff0078   Data           1  os_core.o(.data)
    OSRdyGrp                                 0x1fff0079   Data           1  os_core.o(.data)
    OSRdyTbl                                 0x1fff007a   Data           8  os_core.o(.data)
    OSRunning                                0x1fff0082   Data           1  os_core.o(.data)
    OSTaskCtr                                0x1fff0083   Data           1  os_core.o(.data)
    OSIdleCtr                                0x1fff0084   Data           4  os_core.o(.data)
    OSTCBCur                                 0x1fff0088   Data           4  os_core.o(.data)
    OSTCBFreeList                            0x1fff008c   Data           4  os_core.o(.data)
    OSTCBHighRdy                             0x1fff0090   Data           4  os_core.o(.data)
    OSTCBList                                0x1fff0094   Data           4  os_core.o(.data)
    OSTickStepState                          0x1fff0098   Data           1  os_core.o(.data)
    OSMemFreeList                            0x1fff009c   Data           4  os_core.o(.data)
    OSQFreeList                              0x1fff00a0   Data           4  os_core.o(.data)
    OSTime                                   0x1fff00a4   Data           4  os_core.o(.data)
    OSTmrFree                                0x1fff00a8   Data           2  os_core.o(.data)
    OSTmrUsed                                0x1fff00aa   Data           2  os_core.o(.data)
    OSTmrTime                                0x1fff00ac   Data           4  os_core.o(.data)
    OSTmrSem                                 0x1fff00b0   Data           4  os_core.o(.data)
    OSTmrSemSignal                           0x1fff00b4   Data           4  os_core.o(.data)
    OSTmrFreeList                            0x1fff00b8   Data           4  os_core.o(.data)
    OS_CPU_ExceptStkBase                     0x1fff00bc   Data           4  os_cpu_c.o(.data)
    msg_key                                  0x1fff00c4   Data           4  app.o(.data)
    key                                      0x1fff00c8   Data           1  app.o(.data)
    speedswitch                              0x1fff00cc   Data           4  app.o(.data)
    sum                                      0x1fff00d0   Data           4  app.o(.data)
    instance                                 0x1fff00d4   Data           4  app.o(.data)
    sum_diff                                 0x1fff00d8   Data           4  app.o(.data)
    speed                                    0x1fff00dc   Data           4  flashui.o(.data)
    OSEventTbl                               0x1fff07b0   Data         240  os_core.o(.bss)
    OSFlagTbl                                0x1fff08a0   Data          80  os_core.o(.bss)
    OSTaskStatStk                            0x1fff08f0   Data         512  os_core.o(.bss)
    OSTaskIdleStk                            0x1fff0af0   Data         512  os_core.o(.bss)
    OSTCBPrioTbl                             0x1fff0cf0   Data         256  os_core.o(.bss)
    OSTCBTbl                                 0x1fff0df0   Data        1936  os_core.o(.bss)
    OSMemTbl                                 0x1fff1580   Data         120  os_core.o(.bss)
    OSQTbl                                   0x1fff15f8   Data          96  os_core.o(.bss)
    OSTmrTbl                                 0x1fff1658   Data         640  os_core.o(.bss)
    OSTmrTaskStk                             0x1fff18d8   Data         512  os_core.o(.bss)
    OSTmrWheelTbl                            0x1fff1ad8   Data          64  os_core.o(.bss)
    ad2_lv                                   0x1fff1b18   Data          40  ad.o(.bss)
    ad4_lv                                   0x1fff1b40   Data          40  ad.o(.bss)
    value_buf1                               0x1fff1b68   Data          48  ad.o(.bss)
    value_buf2                               0x1fff1b98   Data          48  ad.o(.bss)
    avg_ad1                                  0x1fff1bc8   Data          20  ad.o(.bss)
    avg_ad2                                  0x1fff1bdc   Data          20  ad.o(.bss)
    avg_ad3                                  0x1fff1bf0   Data          20  ad.o(.bss)
    avg_ad4                                  0x1fff1c04   Data          20  ad.o(.bss)
    stree_vim_pid                            0x1fff1c18   Data          40  flashui.o(.bss)
    streepid                                 0x1fff1c40   Data          12  flashui.o(.bss)
    speedpid                                 0x1fff1c4c   Data          12  flashui.o(.bss)
    linepid                                  0x1fff1c58   Data          12  flashui.o(.bss)
    s_flash_command_run                      0x20000024   Data          14  flash.o(.data)
    s_flash_run_entry                        0x20000034   Data           4  flash.o(.data)
    max1                                     0x2000008c   Data           4  ad.o(.data)
    min1                                     0x20000090   Data           4  ad.o(.data)
    max2                                     0x20000094   Data           4  ad.o(.data)
    min2                                     0x20000098   Data           4  ad.o(.data)
    sum_ad1                                  0x2000009c   Data           4  ad.o(.data)
    sum_ad2                                  0x200000a0   Data           4  ad.o(.data)
    ad1                                      0x200000a4   Data           4  ad.o(.data)
    ad2                                      0x200000a8   Data           4  ad.o(.data)
    ad3                                      0x200000ac   Data           4  ad.o(.data)
    ad4                                      0x200000b0   Data           4  ad.o(.data)
    ad2_one                                  0x200000b4   Data           4  ad.o(.data)
    ad4_one                                  0x200000b8   Data           4  ad.o(.data)
    average1                                 0x200000bc   Data           4  ad.o(.data)
    average2                                 0x200000c0   Data           4  ad.o(.data)
    lv                                       0x200000c4   Data           4  ad.o(.data)
    i                                        0x200000c8   Data           1  ad.o(.data)
    ad1_max                                  0x200000cc   Data           4  ad.o(.data)
    ad3_max                                  0x200000d0   Data           4  ad.o(.data)
    ad1_min                                  0x200000d4   Data           4  ad.o(.data)
    ad3_min                                  0x200000d8   Data           4  ad.o(.data)
    ad2_max                                  0x200000dc   Data           4  ad.o(.data)
    ad4_max                                  0x200000e0   Data           4  ad.o(.data)
    ad2_min                                  0x200000e4   Data           4  ad.o(.data)
    ad4_min                                  0x200000e8   Data           4  ad.o(.data)
    guiyi_ad1                                0x200000ec   Data           4  ad.o(.data)
    guiyi_ad3                                0x200000f0   Data           4  ad.o(.data)
    ad1_value                                0x200000f4   Data           4  ctrl.o(.data)
    ad2_value                                0x200000f8   Data           4  ctrl.o(.data)
    Lose                                     0x200000fc   Data           1  ctrl.o(.data)
    spe                                      0x20000100   Data           4  ctrl.o(.data)
    MEDIAN                                   0x20000104   Data           4  ctrl.o(.data)
    ad_all                                   0x20000108   Data           4  ctrl.o(.data)
    ENCODE                                   0x2000010c   Data           4  ctrl.o(.data)
    resultturn                               0x20000110   Data           4  ctrl.o(.data)
    old_resulturn                            0x20000114   Data           4  ctrl.o(.data)
    ad1max                                   0x20000118   Data           4  ctrl.o(.data)
    ad1min                                   0x2000011c   Data           4  ctrl.o(.data)
    ad2max                                   0x20000120   Data           4  ctrl.o(.data)
    ad2min                                   0x20000124   Data           4  ctrl.o(.data)
    ad3max                                   0x20000128   Data           4  ctrl.o(.data)
    ad3min                                   0x2000012c   Data           4  ctrl.o(.data)
    ad4max                                   0x20000130   Data           4  ctrl.o(.data)
    ad4min                                   0x20000134   Data           4  ctrl.o(.data)
    ad1_sum                                  0x20000138   Data           4  ctrl.o(.data)
    ad2_sum                                  0x2000013c   Data           4  ctrl.o(.data)
    ad3_sum                                  0x20000140   Data           4  ctrl.o(.data)
    ad4_sum                                  0x20000144   Data           4  ctrl.o(.data)
    ad1_mei                                  0x20000148   Data           4  ctrl.o(.data)
    ad2_mei                                  0x2000014c   Data           4  ctrl.o(.data)
    ad3_mei                                  0x20000150   Data           4  ctrl.o(.data)
    ad4_mei                                  0x20000154   Data           4  ctrl.o(.data)
    use_fenshu                               0x20000158   Data           4  ctrl.o(.data)
    ad_shang_max                             0x2000015c   Data           4  ctrl.o(.data)
    ad_xia_min                               0x20000160   Data           4  ctrl.o(.data)
    inclu                                    0x20000164   Data           1  ctrl.o(.data)
    result                                   0x20000174   Data           4  ui.o(.data)
    FunctionPointer                          0x20000178   Data          44  ui.o(.data)
    OS_CPU_ExceptStk                         0x200001ec   Data         512  os_cpu_c.o(.bss)
    APP_START_STK                            0x200003ec   Data         512  app.o(.bss)
    APP_UI_STK                               0x200005ec   Data        8192  app.o(.bss)
    APP_KEY_STK                              0x200025ec   Data         512  app.o(.bss)
    APP_AD_STK                               0x200027ec   Data         512  app.o(.bss)
    APP_SPEED_STK                            0x200029ec   Data         512  app.o(.bss)
    APP_TURN_STK                             0x20002bec   Data         512  app.o(.bss)
    APP_BLUETOOTH_STK                        0x20002dec   Data         512  app.o(.bss)
    error                                    0x20002fec   Data          20  ctrl.o(.bss)
    __libspace_start                         0x20003000   Data          96  libspace.o(.bss)
    __temporary_stack_top$libspace           0x20003060   Data           0  libspace.o(.bss)



==============================================================================

Memory Map of the image

  Image Entry point : 0x00000411

  Load Region LR_IROM1 (Base: 0x00000000, Size: 0x0000df10, Max: 0x00080000, ABSOLUTE, COMPRESSED[0x0000dde0])

    Execution Region ER_IROM1 (Base: 0x00000000, Size: 0x0000dc80, Max: 0x00080000, ABSOLUTE)

    Base Addr    Size         Type   Attr      Idx    E Section Name        Object

    0x00000000   0x00000400   Data   RO            3    RESET               startup_mk60d10.o
    0x00000400   0x00000010   Code   RO            4    .ARM.__at_0x400     startup_mk60d10.o
    0x00000410   0x00000008   Code   RO         1296  * !!!main             c_w.l(__main.o)
    0x00000418   0x00000034   Code   RO         1532    !!!scatter          c_w.l(__scatter.o)
    0x0000044c   0x0000005a   Code   RO         1530    !!dczerorl2         c_w.l(__dczerorl2.o)
    0x000004a6   0x00000002   PAD
    0x000004a8   0x0000001a   Code   RO         1534    !!handler_copy      c_w.l(__scatter_copy.o)
    0x000004c2   0x00000002   PAD
    0x000004c4   0x0000001c   Code   RO         1536    !!handler_zi        c_w.l(__scatter_zi.o)
    0x000004e0   0x00000000   Code   RO         1287    .ARM.Collect$$_printf_percent$$00000000  c_w.l(_printf_percent.o)
    0x000004e0   0x00000006   Code   RO         1286    .ARM.Collect$$_printf_percent$$00000009  c_w.l(_printf_d.o)
    0x000004e6   0x00000004   Code   RO         1359    .ARM.Collect$$_printf_percent$$00000017  c_w.l(_printf_percent_end.o)
    0x000004ea   0x00000002   Code   RO         1401    .ARM.Collect$$libinit$$00000000  c_w.l(libinit.o)
    0x000004ec   0x00000000   Code   RO         1408    .ARM.Collect$$libinit$$00000002  c_w.l(libinit2.o)
    0x000004ec   0x00000000   Code   RO         1410    .ARM.Collect$$libinit$$00000004  c_w.l(libinit2.o)
    0x000004ec   0x00000000   Code   RO         1413    .ARM.Collect$$libinit$$0000000A  c_w.l(libinit2.o)
    0x000004ec   0x00000000   Code   RO         1415    .ARM.Collect$$libinit$$0000000C  c_w.l(libinit2.o)
    0x000004ec   0x00000000   Code   RO         1417    .ARM.Collect$$libinit$$0000000E  c_w.l(libinit2.o)
    0x000004ec   0x00000000   Code   RO         1420    .ARM.Collect$$libinit$$00000011  c_w.l(libinit2.o)
    0x000004ec   0x00000000   Code   RO         1422    .ARM.Collect$$libinit$$00000013  c_w.l(libinit2.o)
    0x000004ec   0x00000000   Code   RO         1424    .ARM.Collect$$libinit$$00000015  c_w.l(libinit2.o)
    0x000004ec   0x00000000   Code   RO         1426    .ARM.Collect$$libinit$$00000017  c_w.l(libinit2.o)
    0x000004ec   0x00000000   Code   RO         1428    .ARM.Collect$$libinit$$00000019  c_w.l(libinit2.o)
    0x000004ec   0x00000000   Code   RO         1430    .ARM.Collect$$libinit$$0000001B  c_w.l(libinit2.o)
    0x000004ec   0x00000000   Code   RO         1432    .ARM.Collect$$libinit$$0000001D  c_w.l(libinit2.o)
    0x000004ec   0x00000000   Code   RO         1434    .ARM.Collect$$libinit$$0000001F  c_w.l(libinit2.o)
    0x000004ec   0x00000000   Code   RO         1436    .ARM.Collect$$libinit$$00000021  c_w.l(libinit2.o)
    0x000004ec   0x00000000   Code   RO         1438    .ARM.Collect$$libinit$$00000023  c_w.l(libinit2.o)
    0x000004ec   0x00000000   Code   RO         1440    .ARM.Collect$$libinit$$00000025  c_w.l(libinit2.o)
    0x000004ec   0x00000000   Code   RO         1444    .ARM.Collect$$libinit$$0000002C  c_w.l(libinit2.o)
    0x000004ec   0x00000000   Code   RO         1446    .ARM.Collect$$libinit$$0000002E  c_w.l(libinit2.o)
    0x000004ec   0x00000000   Code   RO         1448    .ARM.Collect$$libinit$$00000030  c_w.l(libinit2.o)
    0x000004ec   0x00000000   Code   RO         1450    .ARM.Collect$$libinit$$00000032  c_w.l(libinit2.o)
    0x000004ec   0x00000002   Code   RO         1451    .ARM.Collect$$libinit$$00000033  c_w.l(libinit2.o)
    0x000004ee   0x00000002   Code   RO         1471    .ARM.Collect$$libshutdown$$00000000  c_w.l(libshutdown.o)
    0x000004f0   0x00000000   Code   RO         1485    .ARM.Collect$$libshutdown$$00000003  c_w.l(libshutdown2.o)
    0x000004f0   0x00000000   Code   RO         1488    .ARM.Collect$$libshutdown$$00000006  c_w.l(libshutdown2.o)
    0x000004f0   0x00000000   Code   RO         1491    .ARM.Collect$$libshutdown$$00000009  c_w.l(libshutdown2.o)
    0x000004f0   0x00000000   Code   RO         1493    .ARM.Collect$$libshutdown$$0000000B  c_w.l(libshutdown2.o)
    0x000004f0   0x00000000   Code   RO         1496    .ARM.Collect$$libshutdown$$0000000E  c_w.l(libshutdown2.o)
    0x000004f0   0x00000002   Code   RO         1497    .ARM.Collect$$libshutdown$$0000000F  c_w.l(libshutdown2.o)
    0x000004f2   0x00000000   Code   RO         1352    .ARM.Collect$$rtentry$$00000000  c_w.l(__rtentry.o)
    0x000004f2   0x00000000   Code   RO         1374    .ARM.Collect$$rtentry$$00000002  c_w.l(__rtentry2.o)
    0x000004f2   0x00000006   Code   RO         1386    .ARM.Collect$$rtentry$$00000004  c_w.l(__rtentry4.o)
    0x000004f8   0x00000000   Code   RO         1376    .ARM.Collect$$rtentry$$00000009  c_w.l(__rtentry2.o)
    0x000004f8   0x00000004   Code   RO         1377    .ARM.Collect$$rtentry$$0000000A  c_w.l(__rtentry2.o)
    0x000004fc   0x00000000   Code   RO         1379    .ARM.Collect$$rtentry$$0000000C  c_w.l(__rtentry2.o)
    0x000004fc   0x00000008   Code   RO         1380    .ARM.Collect$$rtentry$$0000000D  c_w.l(__rtentry2.o)
    0x00000504   0x00000002   Code   RO         1405    .ARM.Collect$$rtexit$$00000000  c_w.l(rtexit.o)
    0x00000506   0x00000000   Code   RO         1453    .ARM.Collect$$rtexit$$00000002  c_w.l(rtexit2.o)
    0x00000506   0x00000004   Code   RO         1454    .ARM.Collect$$rtexit$$00000003  c_w.l(rtexit2.o)
    0x0000050a   0x00000006   Code   RO         1455    .ARM.Collect$$rtexit$$00000004  c_w.l(rtexit2.o)
    0x00000510   0x00000004   Code   RO          376    .revsh_text         enet.o
    0x00000514   0x00000040   Code   RO            5    .text               startup_mk60d10.o
    0x00000554   0x000001bc   Code   RO           15    .text               system_mk60d10.o
    0x00000710   0x00000028   Code   RO           61    .text               main.o
    0x00000738   0x0000060c   Code   RO          182    .text               adc.o
    0x00000d44   0x000007e8   Code   RO          209    .text               can.o
    0x0000152c   0x00000170   Code   RO          255    .text               common.o
    0x0000169c   0x000005b0   Code   RO          327    .text               dac.o
    0x00001c4c   0x00000472   Code   RO          353    .text               dma.o
    0x000020be   0x00000002   PAD
    0x000020c0   0x000005b8   Code   RO          377    .text               enet.o
    0x00002678   0x000001e0   Code   RO          403    .text               flash.o
    0x00002858   0x00000e20   Code   RO          449    .text               ftm.o
    0x00003678   0x0000059c   Code   RO          476    .text               gpio.o
    0x00003c14   0x0000023c   Code   RO          547    .text               lptmr.o
    0x00003e50   0x00000320   Code   RO          590    .text               pdb.o
    0x00004170   0x000001a0   Code   RO          616    .text               pit.o
    0x00004310   0x00000400   Code   RO          643    .text               rtc.o
    0x00004710   0x00000548   Code   RO          695    .text               spi.o
    0x00004c58   0x0000013c   Code   RO          722    .text               systick.o
    0x00004d94   0x0000026c   Code   RO          744    .text               tsi.o
    0x00005000   0x00000960   Code   RO          769    .text               uart.o
    0x00005960   0x00000160   Code   RO          822    .text               wdog.o
    0x00005ac0   0x00000d68   Code   RO          845    .text               os_core.o
    0x00006828   0x00000864   Code   RO          865    .text               os_flag.o
    0x0000708c   0x0000042c   Code   RO          881    .text               os_mbox.o
    0x000074b8   0x00000258   Code   RO          893    .text               os_mem.o
    0x00007710   0x00000654   Code   RO          917    .text               os_q.o
    0x00007d64   0x000003e0   Code   RO          929    .text               os_sem.o
    0x00008144   0x00000908   Code   RO          941    .text               os_task.o
    0x00008a4c   0x000001d4   Code   RO          953    .text               os_time.o
    0x00008c20   0x000006f0   Code   RO          965    .text               os_tmr.o
    0x00009310   0x00000108   Code   RO          977    .text               os_cpu_c.o
    0x00009418   0x000000b0   Code   RO         1009    .text               os_cpu_a_keil.o
    0x000094c8   0x00000428   Code   RO         1014    .text               app.o
    0x000098f0   0x000002d4   Code   RO         1064    .text               ad.o
    0x00009bc4   0x00000954   Code   RO         1088    .text               ctrl.o
    0x0000a518   0x00000224   Code   RO         1113    .text               flashui.o
    0x0000a73c   0x00000064   Code   RO         1137    .text               key.o
    0x0000a7a0   0x000006ac   Code   RO         1157    .text               oled.o
    0x0000ae4c   0x00000054   Code   RO         1181    .text               pwm.o
    0x0000aea0   0x00000b18   Code   RO         1195    .text               ui.o
    0x0000b9b8   0x0000008c   Code   RO         1230    .text               conm.o
    0x0000ba44   0x00000028   Code   RO         1258    .text               c_w.l(noretval__2sprintf.o)
    0x0000ba6c   0x0000004e   Code   RO         1262    .text               c_w.l(_printf_pad.o)
    0x0000baba   0x00000002   PAD
    0x0000babc   0x00000078   Code   RO         1264    .text               c_w.l(_printf_dec.o)
    0x0000bb34   0x0000010e   Code   RO         1274    .text               c_w.l(__printf_wp.o)
    0x0000bc42   0x0000008a   Code   RO         1288    .text               c_w.l(rt_memcpy_v6.o)
    0x0000bccc   0x00000064   Code   RO         1290    .text               c_w.l(rt_memcpy_w.o)
    0x0000bd30   0x0000004e   Code   RO         1292    .text               c_w.l(rt_memclr_w.o)
    0x0000bd7e   0x00000006   Code   RO         1294    .text               c_w.l(heapauxi.o)
    0x0000bd84   0x000000b2   Code   RO         1353    .text               c_w.l(_printf_intcommon.o)
    0x0000be36   0x00000002   PAD
    0x0000be38   0x00000030   Code   RO         1355    .text               c_w.l(_printf_char_common.o)
    0x0000be68   0x0000000a   Code   RO         1357    .text               c_w.l(_sputc.o)
    0x0000be72   0x0000004a   Code   RO         1392    .text               c_w.l(sys_stackheap_outer.o)
    0x0000bebc   0x0000000c   Code   RO         1394    .text               c_w.l(exit.o)
    0x0000bec8   0x00000008   Code   RO         1402    .text               c_w.l(libspace.o)
    0x0000bed0   0x0000000c   Code   RO         1463    .text               c_w.l(sys_exit.o)
    0x0000bedc   0x00000002   Code   RO         1474    .text               c_w.l(use_no_semi.o)
    0x0000bede   0x00000000   Code   RO         1476    .text               c_w.l(indicate_semi.o)
    0x0000bede   0x0000000e   Code   RO         1276    i._is_digit         c_w.l(__printf_wp.o)
    0x0000beec   0x00000062   Code   RO         1298    x$fpl$d2f           fz_ws.l(d2f.o)
    0x0000bf4e   0x00000002   PAD
    0x0000bf50   0x00000150   Code   RO         1300    x$fpl$dadd          fz_ws.l(daddsub_clz.o)
    0x0000c0a0   0x00000018   Code   RO         1390    x$fpl$dcmpinf       fz_ws.l(dcmpi.o)
    0x0000c0b8   0x0000005e   Code   RO         1306    x$fpl$dfix          fz_ws.l(dfix.o)
    0x0000c116   0x0000002e   Code   RO         1311    x$fpl$dflt          fz_ws.l(dflt_clz.o)
    0x0000c144   0x00000078   Code   RO         1360    x$fpl$dleqf         fz_ws.l(dleqf.o)
    0x0000c1bc   0x00000154   Code   RO         1316    x$fpl$dmul          fz_ws.l(dmul.o)
    0x0000c310   0x0000009c   Code   RO         1362    x$fpl$dnaninf       fz_ws.l(dnaninf.o)
    0x0000c3ac   0x0000000c   Code   RO         1364    x$fpl$dretinf       fz_ws.l(dretinf.o)
    0x0000c3b8   0x0000006c   Code   RO         1318    x$fpl$drleqf        fz_ws.l(drleqf.o)
    0x0000c424   0x000001d4   Code   RO         1302    x$fpl$dsub          fz_ws.l(daddsub_clz.o)
    0x0000c5f8   0x00000056   Code   RO         1320    x$fpl$f2d           fz_ws.l(f2d.o)
    0x0000c64e   0x00000002   PAD
    0x0000c650   0x000000c4   Code   RO         1322    x$fpl$fadd          fz_ws.l(faddsub_clz.o)
    0x0000c714   0x00000018   Code   RO         1366    x$fpl$fcmpinf       fz_ws.l(fcmpi.o)
    0x0000c72c   0x00000184   Code   RO         1329    x$fpl$fdiv          fz_ws.l(fdiv.o)
    0x0000c8b0   0x00000036   Code   RO         1332    x$fpl$ffix          fz_ws.l(ffix.o)
    0x0000c8e6   0x00000002   PAD
    0x0000c8e8   0x0000003e   Code   RO         1336    x$fpl$ffixu         fz_ws.l(ffixu.o)
    0x0000c926   0x00000002   PAD
    0x0000c928   0x00000030   Code   RO         1341    x$fpl$fflt          fz_ws.l(fflt_clz.o)
    0x0000c958   0x00000026   Code   RO         1340    x$fpl$ffltu         fz_ws.l(fflt_clz.o)
    0x0000c97e   0x00000002   PAD
    0x0000c980   0x00000068   Code   RO         1346    x$fpl$fleqf         fz_ws.l(fleqf.o)
    0x0000c9e8   0x00000102   Code   RO         1348    x$fpl$fmul          fz_ws.l(fmul.o)
    0x0000caea   0x0000008c   Code   RO         1368    x$fpl$fnaninf       fz_ws.l(fnaninf.o)
    0x0000cb76   0x0000000a   Code   RO         1370    x$fpl$fretinf       fz_ws.l(fretinf.o)
    0x0000cb80   0x00000062   Code   RO         1350    x$fpl$frleqf        fz_ws.l(frleqf.o)
    0x0000cbe2   0x00000002   PAD
    0x0000cbe4   0x000000ea   Code   RO         1324    x$fpl$fsub          fz_ws.l(faddsub_clz.o)
    0x0000ccce   0x00000000   Code   RO         1372    x$fpl$usenofp       fz_ws.l(usenofp.o)
    0x0000ccce   0x00000002   PAD
    0x0000ccd0   0x00000022   Data   RO          183    .constdata          adc.o
    0x0000ccf2   0x00000002   PAD
    0x0000ccf4   0x00000022   Data   RO          210    .constdata          can.o
    0x0000cd16   0x00000002   PAD
    0x0000cd18   0x0000000a   Data   RO          328    .constdata          dac.o
    0x0000cd22   0x00000002   PAD
    0x0000cd24   0x00000014   Data   RO          355    .constdata          dma.o
    0x0000cd38   0x0000003f   Data   RO          451    .constdata          ftm.o
    0x0000cd77   0x00000001   PAD
    0x0000cd78   0x00000041   Data   RO          478    .constdata          gpio.o
    0x0000cdb9   0x00000003   PAD
    0x0000cdbc   0x00000010   Data   RO          548    .constdata          lptmr.o
    0x0000cdcc   0x00000004   Data   RO          591    .constdata          pdb.o
    0x0000cdd0   0x00000004   Data   RO          618    .constdata          pit.o
    0x0000cdd4   0x00000034   Data   RO          644    .constdata          rtc.o
    0x0000ce08   0x00000084   Data   RO          697    .constdata          spi.o
    0x0000ce8c   0x00000084   Data   RO          771    .constdata          uart.o
    0x0000cf10   0x00000100   Data   RO          847    .constdata          os_core.o
    0x0000d010   0x00000a71   Data   RO         1158    .constdata          oled.o
    0x0000da81   0x00000003   PAD
    0x0000da84   0x00000191   Data   RO         1196    .constdata          ui.o
    0x0000dc15   0x00000003   PAD
    0x0000dc18   0x00000014   Data   RO         1231    .constdata          conm.o
    0x0000dc2c   0x00000011   Data   RO          772    .conststring        uart.o
    0x0000dc3d   0x00000003   PAD
    0x0000dc40   0x00000040   Data   RO         1528    Region$$Table       anon$$obj.o


    Execution Region RW_IRAM2 (Base: 0x1fff0000, Size: 0x00003068, Max: 0x00010000, ABSOLUTE)

    Base Addr    Size         Type   Attr      Idx    E Section Name        Object

    0x1fff0000   0x00000004   Data   RW           16    .data               system_mk60d10.o
    0x1fff0004   0x00000008   Data   RW          329    .data               dac.o
    0x1fff000c   0x00000004   Data   RW          549    .data               lptmr.o
    0x1fff0010   0x00000004   Data   RW          619    .data               pit.o
    0x1fff0014   0x00000034   Data   RW          645    .data               rtc.o
    0x1fff0048   0x00000011   Data   RW          773    .data               uart.o
    0x1fff0059   0x00000003   PAD
    0x1fff005c   0x00000060   Data   RW          848    .data               os_core.o
    0x1fff00bc   0x00000006   Data   RW          979    .data               os_cpu_c.o
    0x1fff00c2   0x00000002   PAD
    0x1fff00c4   0x00000018   Data   RW         1016    .data               app.o
    0x1fff00dc   0x00000004   Data   RW         1115    .data               flashui.o
    0x1fff00e0   0x00000040   Zero   RW          354    .bss                dma.o
    0x1fff0120   0x0000065e   Zero   RW          378    .bss                enet.o
    0x1fff077e   0x00000002   PAD
    0x1fff0780   0x00000014   Zero   RW          477    .bss                gpio.o
    0x1fff0794   0x00000010   Zero   RW          617    .bss                pit.o
    0x1fff07a4   0x0000000c   Zero   RW          696    .bss                spi.o
    0x1fff07b0   0x00001368   Zero   RW          846    .bss                os_core.o
    0x1fff1b18   0x00000100   Zero   RW         1065    .bss                ad.o
    0x1fff1c18   0x0000004c   Zero   RW         1114    .bss                flashui.o
    0x1fff1c64   0x00000004   PAD
    0x1fff1c68   0x00000400   Zero   RW            2    HEAP                startup_mk60d10.o
    0x1fff2068   0x00001000   Zero   RW            1    STACK               startup_mk60d10.o


    Execution Region RW_IRAM1 (Base: 0x20000000, Size: 0x00003060, Max: 0x00010000, ABSOLUTE, COMPRESSED[0x00000080])

    Base Addr    Size         Type   Attr      Idx    E Section Name        Object

    0x20000000   0x00000008   Data   RW          184    .data               adc.o
    0x20000008   0x00000008   Data   RW          211    .data               can.o
    0x20000010   0x00000004   Data   RW          356    .data               dma.o
    0x20000014   0x00000010   Data   RW          379    .data               enet.o
    0x20000024   0x00000014   Data   RW          404    .data               flash.o
    0x20000038   0x00000004   Data   RW          592    .data               pdb.o
    0x2000003c   0x00000008   Data   RW          723    .data               systick.o
    0x20000044   0x00000044   Data   RW          745    .data               tsi.o
    0x20000088   0x00000004   Data   RW          823    .data               wdog.o
    0x2000008c   0x00000068   Data   RW         1066    .data               ad.o
    0x200000f4   0x0000007a   Data   RW         1090    .data               ctrl.o
    0x2000016e   0x00000002   PAD
    0x20000170   0x0000003d   Data   RW         1197    .data               ui.o
    0x200001ad   0x00000002   Data   RW         1232    .data               conm.o
    0x200001af   0x00000001   PAD
    0x200001b0   0x0000000c   Zero   RW          450    .bss                ftm.o
    0x200001bc   0x00000030   Zero   RW          770    .bss                uart.o
    0x200001ec   0x00000200   Zero   RW          978    .bss                os_cpu_c.o
    0x200003ec   0x00002c00   Zero   RW         1015    .bss                app.o
    0x20002fec   0x00000014   Zero   RW         1089    .bss                ctrl.o
    0x20003000   0x00000060   Zero   RW         1403    .bss                c_w.l(libspace.o)


==============================================================================

Image component sizes


      Code (inc. data)   RO Data    RW Data    ZI Data      Debug   Object Name

       724         78          0        104        256       3132   ad.o
      1548         36         34          8          0      26602   adc.o
      1064         78          0         24      11264       3739   app.o
      2024         26         34          8          0      30126   can.o
       368         26          0          0          0       3456   common.o
       140         12         20          2          0       1225   conm.o
      2388        250          0        122         20       5062   ctrl.o
      1456         34         10          8          0       4897   dac.o
      1138         30         20          4         64       6658   dma.o
      1468         74          0         16       1630       7525   enet.o
       480         18          0         20          0       3716   flash.o
       548         24          0          4         76       1930   flashui.o
      3616         70         63          0         12       6835   ftm.o
      1436         62         65          0         20       5923   gpio.o
       100          4          0          0          0        653   key.o
       572         18         16          4          0       3616   lptmr.o
        40         10          0          0          0     261370   main.o
      1708         28       2673          0          0       5861   oled.o
      3432        294        256         96       4968      19047   os_core.o
       176         36          0          0          0        356   os_cpu_a_keil.o
       264         20          0          6        512      11933   os_cpu_c.o
      2148         44          0          0          0      15591   os_flag.o
      1068         20          0          0          0       4278   os_mbox.o
       600         16          0          0          0       3356   os_mem.o
      1620         34          0          0          0       5789   os_q.o
       992         22          0          0          0       4002   os_sem.o
      2312         76          0          0          0       8077   os_task.o
       468         28          0          0          0       1838   os_time.o
      1776        136          0          0          0       5677   os_tmr.o
       800         24          4          4          0       4396   pdb.o
       416         30          4          4         16       3454   pit.o
        84         12          0          0          0        448   pwm.o
      1024         34         52         52          0       5446   rtc.o
      1352         44        132          0         12       6616   spi.o
        80         42       1024          0       5120       1096   startup_mk60d10.o
       444         36          0          4          0       5725   system_mk60d10.o
       316         14          0          8          0       1837   systick.o
       620         22          0         68          0       4740   tsi.o
      2400         70        149         17         48       8582   uart.o
      2840        476        401         61          0       5661   ui.o
       352         14          0          4          0       3281   wdog.o

    ----------------------------------------------------------------------
     46404       2422       5040        656      24024     513552   Object Totals
         0          0         64          0          0          0   (incl. Generated)
         2          0         19          8          6          0   (incl. Padding)

    ----------------------------------------------------------------------

      Code (inc. data)   RO Data    RW Data    ZI Data      Debug   Library Member Name

        90          0          0          0          0          0   __dczerorl2.o
         8          0          0          0          0         68   __main.o
       284          0          0          0          0        156   __printf_wp.o
         0          0          0          0          0          0   __rtentry.o
        12          0          0          0          0          0   __rtentry2.o
         6          0          0          0          0          0   __rtentry4.o
        52          8          0          0          0          0   __scatter.o
        26          0          0          0          0          0   __scatter_copy.o
        28          0          0          0          0          0   __scatter_zi.o
        48          6          0          0          0         96   _printf_char_common.o
         6          0          0          0          0          0   _printf_d.o
       120         16          0          0          0         92   _printf_dec.o
       178          0          0          0          0         88   _printf_intcommon.o
        78          0          0          0          0        108   _printf_pad.o
         0          0          0          0          0          0   _printf_percent.o
         4          0          0          0          0          0   _printf_percent_end.o
        10          0          0          0          0         68   _sputc.o
        12          0          0          0          0         72   exit.o
         6          0          0          0          0        152   heapauxi.o
         0          0          0          0          0          0   indicate_semi.o
         2          0          0          0          0          0   libinit.o
         2          0          0          0          0          0   libinit2.o
         2          0          0          0          0          0   libshutdown.o
         2          0          0          0          0          0   libshutdown2.o
         8          4          0          0         96         68   libspace.o
        40          6          0          0          0         84   noretval__2sprintf.o
        78          0          0          0          0         80   rt_memclr_w.o
       138          0          0          0          0         68   rt_memcpy_v6.o
       100          0          0          0          0         80   rt_memcpy_w.o
         2          0          0          0          0          0   rtexit.o
        10          0          0          0          0          0   rtexit2.o
        12          4          0          0          0         68   sys_exit.o
        74          0          0          0          0         80   sys_stackheap_outer.o
         2          0          0          0          0         68   use_no_semi.o
        98          4          0          0          0         92   d2f.o
       804         16          0          0          0        272   daddsub_clz.o
        24          0          0          0          0         68   dcmpi.o
        94          4          0          0          0         92   dfix.o
        46          0          0          0          0         68   dflt_clz.o
       120          4          0          0          0         92   dleqf.o
       340         12          0          0          0        104   dmul.o
       156          4          0          0          0         92   dnaninf.o
        12          0          0          0          0         68   dretinf.o
       108          0          0          0          0         80   drleqf.o
        86          4          0          0          0         84   f2d.o
       430          8          0          0          0        168   faddsub_clz.o
        24          0          0          0          0         68   fcmpi.o
       388         76          0          0          0         96   fdiv.o
        54          4          0          0          0         84   ffix.o
        62          4          0          0          0         84   ffixu.o
        86          0          0          0          0        136   fflt_clz.o
       104          4          0          0          0         84   fleqf.o
       258          4          0          0          0         84   fmul.o
       140          4          0          0          0         84   fnaninf.o
        10          0          0          0          0         68   fretinf.o
        98          0          0          0          0         68   frleqf.o
         0          0          0          0          0          0   usenofp.o

    ----------------------------------------------------------------------
      5004        196          0          0         96       3632   Library Totals
        22          0          0          0          0          0   (incl. Padding)

    ----------------------------------------------------------------------

      Code (inc. data)   RO Data    RW Data    ZI Data      Debug   Library Name

      1440         44          0          0         96       1496   c_w.l
      3542        152          0          0          0       2136   fz_ws.l

    ----------------------------------------------------------------------
      5004        196          0          0         96       3632   Library Totals

    ----------------------------------------------------------------------

==============================================================================


      Code (inc. data)   RO Data    RW Data    ZI Data      Debug   

     51408       2618       5040        656      24120     511320   Grand Totals
     51408       2618       5040        352      24120     511320   ELF Image Totals (compressed)
     51408       2618       5040        352          0          0   ROM Totals

==============================================================================

    Total RO  Size (Code + RO Data)                56448 (  55.13kB)
    Total RW  Size (RW Data + ZI Data)             24776 (  24.20kB)
    Total ROM Size (Code + RO Data + RW Data)      56800 (  55.47kB)

==============================================================================

